Archive member included to satisfy reference by file (symbol)

../build\libdaisy.a(stm32h7xx_hal.o)
                              build/main.o (HAL_Init)
../build\libdaisy.a(stm32h7xx_hal_cortex.o)
                              ../build\libdaisy.a(stm32h7xx_hal.o) (HAL_NVIC_SetPriorityGrouping)
../build\libdaisy.a(stm32h7xx_hal_dma.o)
                              build/main.o (HAL_DMA_Init)
../build\libdaisy.a(stm32h7xx_hal_dma_ex.o)
                              build/main.o (HAL_DMAEx_ConfigMuxRequestGenerator)
../build\libdaisy.a(stm32h7xx_hal_lptim.o)
                              build/main.o (HAL_LPTIM_Init)
../build\libdaisy.a(stm32h7xx_hal_pwr_ex.o)
                              build/main.o (HAL_PWREx_ConfigSupply)
../build\libdaisy.a(stm32h7xx_hal_rcc.o)
                              build/main.o (HAL_RCC_OscConfig)
../build\libdaisy.a(stm32h7xx_hal_rcc_ex.o)
                              build/main.o (HAL_RCCEx_PeriphCLKConfig)
../build\libdaisy.a(stm32h7xx_hal_gpio.o)
                              ../build\libdaisy.a(stm32h7xx_hal_rcc.o) (HAL_GPIO_Init)
../build\libdaisy.a(stm32h7xx_hal_pwr.o)
                              ../build\libdaisy.a(stm32h7xx_hal_pwr_ex.o) (HAL_PWR_PVDCallback)
c:/program files (x86)/gnu arm embedded toolchain/10 2021.10/bin/../lib/gcc/arm-none-eabi/10.3.1/../../../../arm-none-eabi/lib/thumb/v7e-m+dp/hard\libc_nano.a(lib_a-exit.o)
                              c:/program files (x86)/gnu arm embedded toolchain/10 2021.10/bin/../lib/gcc/arm-none-eabi/10.3.1/../../../../arm-none-eabi/lib/thumb/v7e-m+dp/hard/crt0.o (exit)
c:/program files (x86)/gnu arm embedded toolchain/10 2021.10/bin/../lib/gcc/arm-none-eabi/10.3.1/../../../../arm-none-eabi/lib/thumb/v7e-m+dp/hard\libc_nano.a(lib_a-impure.o)
                              c:/program files (x86)/gnu arm embedded toolchain/10 2021.10/bin/../lib/gcc/arm-none-eabi/10.3.1/../../../../arm-none-eabi/lib/thumb/v7e-m+dp/hard\libc_nano.a(lib_a-exit.o) (_global_impure_ptr)
c:/program files (x86)/gnu arm embedded toolchain/10 2021.10/bin/../lib/gcc/arm-none-eabi/10.3.1/../../../../arm-none-eabi/lib/thumb/v7e-m+dp/hard\libc_nano.a(lib_a-init.o)
                              c:/program files (x86)/gnu arm embedded toolchain/10 2021.10/bin/../lib/gcc/arm-none-eabi/10.3.1/../../../../arm-none-eabi/lib/thumb/v7e-m+dp/hard/crt0.o (__libc_init_array)
c:/program files (x86)/gnu arm embedded toolchain/10 2021.10/bin/../lib/gcc/arm-none-eabi/10.3.1/../../../../arm-none-eabi/lib/thumb/v7e-m+dp/hard\libc_nano.a(lib_a-memcpy-stub.o)
                              build/startup_stm32h750xx.o (memcpy)
c:/program files (x86)/gnu arm embedded toolchain/10 2021.10/bin/../lib/gcc/arm-none-eabi/10.3.1/../../../../arm-none-eabi/lib/thumb/v7e-m+dp/hard\libc_nano.a(lib_a-memset.o)
                              c:/program files (x86)/gnu arm embedded toolchain/10 2021.10/bin/../lib/gcc/arm-none-eabi/10.3.1/../../../../arm-none-eabi/lib/thumb/v7e-m+dp/hard/crt0.o (memset)
c:/program files (x86)/gnu arm embedded toolchain/10 2021.10/bin/../lib/gcc/arm-none-eabi/10.3.1/../../../../arm-none-eabi/lib/thumb/v7e-m+dp/hard\libnosys.a(_exit.o)
                              c:/program files (x86)/gnu arm embedded toolchain/10 2021.10/bin/../lib/gcc/arm-none-eabi/10.3.1/../../../../arm-none-eabi/lib/thumb/v7e-m+dp/hard\libc_nano.a(lib_a-exit.o) (_exit)

Discarded input sections

 .text          0x00000000        0x0 c:/program files (x86)/gnu arm embedded toolchain/10 2021.10/bin/../lib/gcc/arm-none-eabi/10.3.1/thumb/v7e-m+dp/hard/crti.o
 .data          0x00000000        0x0 c:/program files (x86)/gnu arm embedded toolchain/10 2021.10/bin/../lib/gcc/arm-none-eabi/10.3.1/thumb/v7e-m+dp/hard/crti.o
 .bss           0x00000000        0x0 c:/program files (x86)/gnu arm embedded toolchain/10 2021.10/bin/../lib/gcc/arm-none-eabi/10.3.1/thumb/v7e-m+dp/hard/crti.o
 .data          0x00000000        0x4 c:/program files (x86)/gnu arm embedded toolchain/10 2021.10/bin/../lib/gcc/arm-none-eabi/10.3.1/thumb/v7e-m+dp/hard/crtbegin.o
 .rodata        0x00000000       0x24 c:/program files (x86)/gnu arm embedded toolchain/10 2021.10/bin/../lib/gcc/arm-none-eabi/10.3.1/thumb/v7e-m+dp/hard/crtbegin.o
 .text          0x00000000       0x7c c:/program files (x86)/gnu arm embedded toolchain/10 2021.10/bin/../lib/gcc/arm-none-eabi/10.3.1/../../../../arm-none-eabi/lib/thumb/v7e-m+dp/hard/crt0.o
 .data          0x00000000        0x0 c:/program files (x86)/gnu arm embedded toolchain/10 2021.10/bin/../lib/gcc/arm-none-eabi/10.3.1/../../../../arm-none-eabi/lib/thumb/v7e-m+dp/hard/crt0.o
 .bss           0x00000000        0x0 c:/program files (x86)/gnu arm embedded toolchain/10 2021.10/bin/../lib/gcc/arm-none-eabi/10.3.1/../../../../arm-none-eabi/lib/thumb/v7e-m+dp/hard/crt0.o
 .ARM.extab     0x00000000        0x0 c:/program files (x86)/gnu arm embedded toolchain/10 2021.10/bin/../lib/gcc/arm-none-eabi/10.3.1/../../../../arm-none-eabi/lib/thumb/v7e-m+dp/hard/crt0.o
[...]
Memory Configuration

Name             Origin             Length             Attributes
FLASH            0x08000000         0x00020000         xr
DTCMRAM          0x20000000         0x00020000         xrw
SRAM             0x24000000         0x00080000         xrw
RAM_D2           0x30000000         0x00048000         xrw
RAM_D3           0x38000000         0x00010000         xrw
ITCMRAM          0x00000000         0x00010000         xrw
SDRAM            0xc0000000         0x04000000         xrw
QSPIFLASH        0x90000000         0x00800000         xr
*default*        0x00000000         0xffffffff

Linker script and memory map

LOAD c:/program files (x86)/gnu arm embedded toolchain/10 2021.10/bin/../lib/gcc/arm-none-eabi/10.3.1/thumb/v7e-m+dp/hard/crti.o
LOAD c:/program files (x86)/gnu arm embedded toolchain/10 2021.10/bin/../lib/gcc/arm-none-eabi/10.3.1/thumb/v7e-m+dp/hard/crtbegin.o
LOAD c:/program files (x86)/gnu arm embedded toolchain/10 2021.10/bin/../lib/gcc/arm-none-eabi/10.3.1/../../../../arm-none-eabi/lib/thumb/v7e-m+dp/hard/crt0.o
LOAD build/system_stm32h7xx.o
LOAD build/startup_stm32h750xx.o
LOAD build/main.o
LOAD build/stm32h7xx_it.o
LOAD ../build\libdaisy.a
LOAD c:/program files (x86)/gnu arm embedded toolchain/10 2021.10/bin/../lib/gcc/arm-none-eabi/10.3.1/../../../../arm-none-eabi/lib/thumb/v7e-m+dp/hard\libnosys.a
LOAD c:/program files (x86)/gnu arm embedded toolchain/10 2021.10/bin/../lib/gcc/arm-none-eabi/10.3.1/../../../../arm-none-eabi/lib/thumb/v7e-m+dp/hard\libstdc++_nano.a
LOAD c:/program files (x86)/gnu arm embedded toolchain/10 2021.10/bin/../lib/gcc/arm-none-eabi/10.3.1/../../../../arm-none-eabi/lib/thumb/v7e-m+dp/hard\libm.a
LOAD c:/program files (x86)/gnu arm embedded toolchain/10 2021.10/bin/../lib/gcc/arm-none-eabi/10.3.1/../../../../arm-none-eabi/lib/thumb/v7e-m+dp/hard\libc_nano.a
START GROUP
LOAD c:/program files (x86)/gnu arm embedded toolchain/10 2021.10/bin/../lib/gcc/arm-none-eabi/10.3.1/thumb/v7e-m+dp/hard\libgcc.a
LOAD c:/program files (x86)/gnu arm embedded toolchain/10 2021.10/bin/../lib/gcc/arm-none-eabi/10.3.1/../../../../arm-none-eabi/lib/thumb/v7e-m+dp/hard\libc_nano.a
END GROUP
START GROUP
LOAD c:/program files (x86)/gnu arm embedded toolchain/10 2021.10/bin/../lib/gcc/arm-none-eabi/10.3.1/thumb/v7e-m+dp/hard\libgcc.a
LOAD c:/program files (x86)/gnu arm embedded toolchain/10 2021.10/bin/../lib/gcc/arm-none-eabi/10.3.1/../../../../arm-none-eabi/lib/thumb/v7e-m+dp/hard\libc_nano.a
LOAD c:/program files (x86)/gnu arm embedded toolchain/10 2021.10/bin/../lib/gcc/arm-none-eabi/10.3.1/../../../../arm-none-eabi/lib/thumb/v7e-m+dp/hard\libnosys.a
END GROUP
START GROUP
LOAD c:/program files (x86)/gnu arm embedded toolchain/10 2021.10/bin/../lib/gcc/arm-none-eabi/10.3.1/thumb/v7e-m+dp/hard\libgcc.a
LOAD c:/program files (x86)/gnu arm embedded toolchain/10 2021.10/bin/../lib/gcc/arm-none-eabi/10.3.1/../../../../arm-none-eabi/lib/thumb/v7e-m+dp/hard\libc_nano.a
LOAD c:/program files (x86)/gnu arm embedded toolchain/10 2021.10/bin/../lib/gcc/arm-none-eabi/10.3.1/../../../../arm-none-eabi/lib/thumb/v7e-m+dp/hard\libnosys.a
END GROUP
LOAD c:/program files (x86)/gnu arm embedded toolchain/10 2021.10/bin/../lib/gcc/arm-none-eabi/10.3.1/thumb/v7e-m+dp/hard/crtend.o
LOAD c:/program files (x86)/gnu arm embedded toolchain/10 2021.10/bin/../lib/gcc/arm-none-eabi/10.3.1/thumb/v7e-m+dp/hard/crtn.o
                0x20020000                _estack = 0x20020000

.isr_vector     0x08000000      0x298
                0x08000000                . = ALIGN (0x4)
 *(.isr_vector)
 .isr_vector    0x08000000      0x298 build/startup_stm32h750xx.o
                0x08000000                g_pfnVectors
                0x08000298                . = ALIGN (0x4)

.text           0x08000298     0x24e0
                0x08000298                . = ALIGN (0x4)
                0x08000298                _stext = .
 *(.text)
 .text          0x08000298       0x40 c:/program files (x86)/gnu arm embedded toolchain/10 2021.10/bin/../lib/gcc/arm-none-eabi/10.3.1/thumb/v7e-m+dp/hard/crtbegin.o
 *(.text*)
 .text.SystemInit
                0x080002d8       0x84 build/system_stm32h7xx.o
                0x080002d8                SystemInit
 .text.Default_Handler
                0x0800035c        0x4 build/startup_stm32h750xx.o
                0x0800035c                RTC_Alarm_IRQHandler
                0x0800035c                HASH_RNG_IRQHandler
                0x0800035c                EXTI2_IRQHandler
                0x0800035c                TIM8_CC_IRQHandler
                0x0800035c                HRTIM1_Master_IRQHandler
                0x0800035c                DebugMon_Handler
                0x0800035c                UART8_IRQHandler
                0x0800035c                SPI4_IRQHandler
                0x0800035c                TIM1_CC_IRQHandler
                0x0800035c                BDMA_Channel6_IRQHandler
                0x0800035c                DMA2_Stream5_IRQHandler
                0x0800035c                HardFault_Handler
                0x0800035c                HRTIM1_FLT_IRQHandler
                0x0800035c                JPEG_IRQHandler
                0x0800035c                DMA1_Stream5_IRQHandler
                0x0800035c                SysTick_Handler
                0x0800035c                BDMA_Channel1_IRQHandler
                0x0800035c                HRTIM1_TIMD_IRQHandler
                0x0800035c                TAMP_STAMP_IRQHandler
                0x0800035c                PendSV_Handler
                0x0800035c                NMI_Handler
                0x0800035c                EXTI3_IRQHandler
                0x0800035c                LPTIM4_IRQHandler
                0x0800035c                TIM8_TRG_COM_TIM14_IRQHandler
                0x0800035c                LPTIM2_IRQHandler
                0x0800035c                DFSDM1_FLT1_IRQHandler
                0x0800035c                DMAMUX2_OVR_IRQHandler
                0x0800035c                TIM8_UP_TIM13_IRQHandler
                0x0800035c                I2C3_ER_IRQHandler
                0x0800035c                DFSDM1_FLT2_IRQHandler
                0x0800035c                MDMA_IRQHandler
                0x0800035c                LPTIM3_IRQHandler
                0x0800035c                HSEM1_IRQHandler
                0x0800035c                EXTI0_IRQHandler
                0x0800035c                I2C2_EV_IRQHandler
                0x0800035c                DMA1_Stream2_IRQHandler
                0x0800035c                FPU_IRQHandler
                0x0800035c                OTG_HS_WKUP_IRQHandler
                0x0800035c                FDCAN1_IT1_IRQHandler
                0x0800035c                UsageFault_Handler
                0x0800035c                LTDC_ER_IRQHandler
                0x0800035c                DMA2_Stream2_IRQHandler
                0x0800035c                HRTIM1_TIME_IRQHandler
                0x0800035c                SPI1_IRQHandler
                0x0800035c                TIM6_DAC_IRQHandler
                0x0800035c                DCMI_IRQHandler
                0x0800035c                HRTIM1_TIMC_IRQHandler
                0x0800035c                DMA2_Stream3_IRQHandler
                0x0800035c                SAI2_IRQHandler
                0x0800035c                DFSDM1_FLT3_IRQHandler
                0x0800035c                USART6_IRQHandler
                0x0800035c                TIM17_IRQHandler
                0x0800035c                USART3_IRQHandler
                0x0800035c                CRYP_IRQHandler
                0x0800035c                BDMA_Channel7_IRQHandler
                0x0800035c                LPTIM5_IRQHandler
                0x0800035c                UART5_IRQHandler
                0x0800035c                ADC3_IRQHandler
                0x0800035c                DMA2_Stream0_IRQHandler
                0x0800035c                TIM4_IRQHandler
                0x0800035c                BDMA_Channel2_IRQHandler
                0x0800035c                QUADSPI_IRQHandler
                0x0800035c                I2C1_EV_IRQHandler
                0x0800035c                DMA1_Stream6_IRQHandler
                0x0800035c                DMAMUX1_OVR_IRQHandler
                0x0800035c                DMA1_Stream1_IRQHandler
                0x0800035c                TIM16_IRQHandler
                0x0800035c                UART4_IRQHandler
                0x0800035c                BDMA_Channel5_IRQHandler
                0x0800035c                TIM3_IRQHandler
                0x0800035c                RCC_IRQHandler
                0x0800035c                TIM8_BRK_TIM12_IRQHandler
                0x0800035c                TIM1_TRG_COM_IRQHandler
                0x0800035c                Default_Handler
                0x0800035c                ECC_IRQHandler
                0x0800035c                CEC_IRQHandler
                0x0800035c                EXTI15_10_IRQHandler
                0x0800035c                BDMA_Channel0_IRQHandler
                0x0800035c                ADC_IRQHandler
                0x0800035c                DMA1_Stream7_IRQHandler
                0x0800035c                HRTIM1_TIMA_IRQHandler
                0x0800035c                SPI5_IRQHandler
                0x0800035c                TIM7_IRQHandler
                0x0800035c                SDMMC1_IRQHandler
                0x0800035c                TIM5_IRQHandler
                0x0800035c                DMA2_Stream7_IRQHandler
                0x0800035c                TIM15_IRQHandler
                0x0800035c                PVD_AVD_IRQHandler
                0x0800035c                I2C3_EV_IRQHandler
                0x0800035c                EXTI9_5_IRQHandler
                0x0800035c                RTC_WKUP_IRQHandler
                0x0800035c                LTDC_IRQHandler
                0x0800035c                SAI3_IRQHandler
                0x0800035c                ETH_WKUP_IRQHandler
                0x0800035c                SPDIF_RX_IRQHandler
                0x0800035c                SPI2_IRQHandler
                0x0800035c                OTG_HS_EP1_IN_IRQHandler
                0x0800035c                MemManage_Handler
                0x0800035c                DMA1_Stream0_IRQHandler
                0x0800035c                SVC_Handler
                0x0800035c                CRS_IRQHandler
                0x0800035c                EXTI4_IRQHandler
                0x0800035c                HRTIM1_TIMB_IRQHandler
                0x0800035c                FDCAN2_IT1_IRQHandler
                0x0800035c                ETH_IRQHandler
                0x0800035c                TIM1_UP_IRQHandler
                0x0800035c                BDMA_Channel4_IRQHandler
                0x0800035c                OTG_HS_EP1_OUT_IRQHandler
                0x0800035c                WWDG_IRQHandler
                0x0800035c                SPI6_IRQHandler
                0x0800035c                I2C4_EV_IRQHandler
                0x0800035c                MDIOS_IRQHandler
                0x0800035c                FDCAN2_IT0_IRQHandler
                0x0800035c                LPUART1_IRQHandler
                0x0800035c                FDCAN1_IT0_IRQHandler
                0x0800035c                TIM2_IRQHandler
                0x0800035c                OTG_FS_WKUP_IRQHandler
                0x0800035c                OTG_HS_IRQHandler
                0x0800035c                DMA2D_IRQHandler
                0x0800035c                TIM1_BRK_IRQHandler
                0x0800035c                EXTI1_IRQHandler
                0x0800035c                SDMMC2_IRQHandler
                0x0800035c                OTG_FS_EP1_OUT_IRQHandler
                0x0800035c                BDMA_Channel3_IRQHandler
                0x0800035c                UART7_IRQHandler
                0x0800035c                MDIOS_WKUP_IRQHandler
                0x0800035c                USART2_IRQHandler
                0x0800035c                DFSDM1_FLT0_IRQHandler
                0x0800035c                SAI4_IRQHandler
                0x0800035c                I2C2_ER_IRQHandler
                0x0800035c                DMA2_Stream1_IRQHandler
                0x0800035c                FLASH_IRQHandler
                0x0800035c                DMA2_Stream4_IRQHandler
                0x0800035c                BusFault_Handler
                0x0800035c                USART1_IRQHandler
                0x0800035c                OTG_FS_IRQHandler
                0x0800035c                SPI3_IRQHandler
                0x0800035c                WAKEUP_PIN_IRQHandler
                0x0800035c                DMA1_Stream4_IRQHandler
                0x0800035c                OTG_FS_EP1_IN_IRQHandler
                0x0800035c                I2C1_ER_IRQHandler
                0x0800035c                FMC_IRQHandler
                0x0800035c                FDCAN_CAL_IRQHandler
                0x0800035c                SWPMI1_IRQHandler
                0x0800035c                COMP1_IRQHandler
                0x0800035c                LPTIM1_IRQHandler
                0x0800035c                I2C4_ER_IRQHandler
                0x0800035c                DMA2_Stream6_IRQHandler
                0x0800035c                SAI1_IRQHandler
                0x0800035c                DMA1_Stream3_IRQHandler
 .text.Reset_Handler
                0x08000360       0x44 build/startup_stm32h750xx.o
                0x08000360                Reset_Handler
 .text._ZL17HAL_TransferErrorP19__DMA_HandleTypeDef
                0x080003a4        0xc build/main.o
 .text._Z12LPTIM_Configv
                0x080003b0       0x98 build/main.o
                0x080003b0                LPTIM_Config()
 .text.startup.main
                0x08000448      0x208 build/main.o
                0x08000448                main
 .text.HAL_MspInit
                0x08000650        0x4 ../build\libdaisy.a(stm32h7xx_hal.o)
                0x08000650                HAL_MspInit
 .text.HAL_InitTick
                0x08000654       0x4c ../build\libdaisy.a(stm32h7xx_hal.o)
                0x08000654                HAL_InitTick
 .text.HAL_Init
                0x080006a0       0x60 ../build\libdaisy.a(stm32h7xx_hal.o)
                0x080006a0                HAL_Init
 .text.HAL_GetTick
                0x08000700        0xc ../build\libdaisy.a(stm32h7xx_hal.o)
                0x08000700                HAL_GetTick
 .text.HAL_GetREVID
                0x0800070c        0xc ../build\libdaisy.a(stm32h7xx_hal.o)
                0x0800070c                HAL_GetREVID
 .text.HAL_NVIC_SetPriorityGrouping
                0x08000718       0x24 ../build\libdaisy.a(stm32h7xx_hal_cortex.o)
                0x08000718                HAL_NVIC_SetPriorityGrouping
 .text.HAL_NVIC_SetPriority
                0x0800073c       0x7c ../build\libdaisy.a(stm32h7xx_hal_cortex.o)
                0x0800073c                HAL_NVIC_SetPriority
 .text.HAL_NVIC_EnableIRQ
                0x080007b8       0x1c ../build\libdaisy.a(stm32h7xx_hal_cortex.o)
                0x080007b8                HAL_NVIC_EnableIRQ
 .text.HAL_SYSTICK_Config
                0x080007d4       0x2c ../build\libdaisy.a(stm32h7xx_hal_cortex.o)
                0x080007d4                HAL_SYSTICK_Config
 .text.DMA_CalcBaseAndBitshift
                0x08000800       0xf4 ../build\libdaisy.a(stm32h7xx_hal_dma.o)
 .text.DMA_CalcDMAMUXChannelBaseAndMask
                0x080008f4       0xd8 ../build\libdaisy.a(stm32h7xx_hal_dma.o)
 .text.HAL_DMA_Init
                0x080009cc      0x37c ../build\libdaisy.a(stm32h7xx_hal_dma.o)
                0x080009cc                HAL_DMA_Init
 .text.HAL_DMA_Start_IT
                0x08000d48      0x240 ../build\libdaisy.a(stm32h7xx_hal_dma.o)
                0x08000d48                HAL_DMA_Start_IT
 .text.HAL_DMA_RegisterCallback
                0x08000f88       0x5c ../build\libdaisy.a(stm32h7xx_hal_dma.o)
                0x08000f88                HAL_DMA_RegisterCallback
 .text.HAL_DMAEx_ConfigMuxRequestGenerator
                0x08000fe4       0x54 ../build\libdaisy.a(stm32h7xx_hal_dma_ex.o)
                0x08000fe4                HAL_DMAEx_ConfigMuxRequestGenerator
 .text.HAL_DMAEx_EnableMuxRequestGenerator
                0x08001038       0x1c ../build\libdaisy.a(stm32h7xx_hal_dma_ex.o)
                0x08001038                HAL_DMAEx_EnableMuxRequestGenerator
 .text.HAL_LPTIM_MspInit
                0x08001054        0x4 ../build\libdaisy.a(stm32h7xx_hal_lptim.o)
                0x08001054                HAL_LPTIM_MspInit
 .text.HAL_LPTIM_Init
                0x08001058      0x108 ../build\libdaisy.a(stm32h7xx_hal_lptim.o)
                0x08001058                HAL_LPTIM_Init
 .text.HAL_LPTIM_PWM_Start
                0x08001160       0x34 ../build\libdaisy.a(stm32h7xx_hal_lptim.o)
                0x08001160                HAL_LPTIM_PWM_Start
 .text.HAL_PWREx_ConfigSupply
                0x08001194       0x4c ../build\libdaisy.a(stm32h7xx_hal_pwr_ex.o)
                0x08001194                HAL_PWREx_ConfigSupply
 .text.HAL_RCC_OscConfig
                0x080011e0      0x51c ../build\libdaisy.a(stm32h7xx_hal_rcc.o)
                0x080011e0                HAL_RCC_OscConfig
 .text.HAL_RCC_GetSysClockFreq
                0x080016fc      0x140 ../build\libdaisy.a(stm32h7xx_hal_rcc.o)
                0x080016fc                HAL_RCC_GetSysClockFreq
 .text.HAL_RCC_ClockConfig
                0x0800183c      0x234 ../build\libdaisy.a(stm32h7xx_hal_rcc.o)
                0x0800183c                HAL_RCC_ClockConfig
 .text.RCCEx_PLL2_Config
                0x08001a70       0xf4 ../build\libdaisy.a(stm32h7xx_hal_rcc_ex.o)
 .text.RCCEx_PLL3_Config
                0x08001b64       0xf4 ../build\libdaisy.a(stm32h7xx_hal_rcc_ex.o)
 .text.HAL_RCCEx_PeriphCLKConfig
                0x08001c58      0xa7c ../build\libdaisy.a(stm32h7xx_hal_rcc_ex.o)
                0x08001c58                HAL_RCCEx_PeriphCLKConfig
 .text.__libc_init_array
                0x080026d4       0x48 c:/program files (x86)/gnu arm embedded toolchain/10 2021.10/bin/../lib/gcc/arm-none-eabi/10.3.1/../../../../arm-none-eabi/lib/thumb/v7e-m+dp/hard\libc_nano.a(lib_a-init.o)
                0x080026d4                __libc_init_array
 .text.memcpy   0x0800271c       0x1c c:/program files (x86)/gnu arm embedded toolchain/10 2021.10/bin/../lib/gcc/arm-none-eabi/10.3.1/../../../../arm-none-eabi/lib/thumb/v7e-m+dp/hard\libc_nano.a(lib_a-memcpy-stub.o)
                0x0800271c                memcpy
 .text.memset   0x08002738       0x10 c:/program files (x86)/gnu arm embedded toolchain/10 2021.10/bin/../lib/gcc/arm-none-eabi/10.3.1/../../../../arm-none-eabi/lib/thumb/v7e-m+dp/hard\libc_nano.a(lib_a-memset.o)
                0x08002738                memset
 *(.rodata)
 *(.rodata*)
 .rodata.D1CorePrescTable
                0x08002748       0x10 build/system_stm32h7xx.o
                0x08002748                D1CorePrescTable
 .rodata.flagBitshiftOffset.0
                0x08002758        0x8 ../build\libdaisy.a(stm32h7xx_hal_dma.o)
 *(.glue_7)
 .glue_7        0x08002760        0x0 linker stubs
 *(.glue_7t)
 .glue_7t       0x08002760        0x0 linker stubs
 *(.init)
 .init          0x08002760        0x4 c:/program files (x86)/gnu arm embedded toolchain/10 2021.10/bin/../lib/gcc/arm-none-eabi/10.3.1/thumb/v7e-m+dp/hard/crti.o
                0x08002760                _init
 .init          0x08002764        0x8 c:/program files (x86)/gnu arm embedded toolchain/10 2021.10/bin/../lib/gcc/arm-none-eabi/10.3.1/thumb/v7e-m+dp/hard/crtn.o
 *(.fini)
 .fini          0x0800276c        0x4 c:/program files (x86)/gnu arm embedded toolchain/10 2021.10/bin/../lib/gcc/arm-none-eabi/10.3.1/thumb/v7e-m+dp/hard/crti.o
                0x0800276c                _fini
 .fini          0x08002770        0x8 c:/program files (x86)/gnu arm embedded toolchain/10 2021.10/bin/../lib/gcc/arm-none-eabi/10.3.1/thumb/v7e-m+dp/hard/crtn.o
                0x08002778                . = ALIGN (0x4)
                0x08002778                _etext = .

.eh_frame       0x08002778        0x0
 .eh_frame      0x08002778        0x0 c:/program files (x86)/gnu arm embedded toolchain/10 2021.10/bin/../lib/gcc/arm-none-eabi/10.3.1/thumb/v7e-m+dp/hard/crtbegin.o

.vfp11_veneer   0x08002778        0x0
 .vfp11_veneer  0x08002778        0x0 linker stubs

.v4_bx          0x08002778        0x0
 .v4_bx         0x08002778        0x0 linker stubs

.iplt           0x08002778        0x0
 .iplt          0x08002778        0x0 c:/program files (x86)/gnu arm embedded toolchain/10 2021.10/bin/../lib/gcc/arm-none-eabi/10.3.1/thumb/v7e-m+dp/hard/crtbegin.o

.rel.dyn        0x08002778        0x0
 .rel.iplt      0x08002778        0x0 c:/program files (x86)/gnu arm embedded toolchain/10 2021.10/bin/../lib/gcc/arm-none-eabi/10.3.1/thumb/v7e-m+dp/hard/crtbegin.o

.ARM.extab      0x08002778        0x0
                0x08002778                . = ALIGN (0x4)
 *(.ARM.extab)
 *(.gnu.linkonce.armextab.*)
                0x08002778                . = ALIGN (0x4)

.exidx          0x08002778        0x0
                0x08002778                . = ALIGN (0x4)
                [!provide]                PROVIDE (__exidx_start = .)
 *(.ARM.exidx*)
                0x08002778                . = ALIGN (0x4)
                [!provide]                PROVIDE (__exidx_end = .)

.ARM.attributes
                0x08002778       0x2e
 *(.ARM.attributes)
 .ARM.attributes
                0x08002778       0x1e c:/program files (x86)/gnu arm embedded toolchain/10 2021.10/bin/../lib/gcc/arm-none-eabi/10.3.1/thumb/v7e-m+dp/hard/crti.o
 .ARM.attributes
                0x08002796       0x32 c:/program files (x86)/gnu arm embedded toolchain/10 2021.10/bin/../lib/gcc/arm-none-eabi/10.3.1/thumb/v7e-m+dp/hard/crtbegin.o
 .ARM.attributes
                0x080027c8       0x32 build/system_stm32h7xx.o
 .ARM.attributes
                0x080027fa       0x32 build/startup_stm32h750xx.o
 .ARM.attributes
                0x0800282c       0x32 build/main.o
 .ARM.attributes
                0x0800285e       0x32 ../build\libdaisy.a(stm32h7xx_hal.o)
 .ARM.attributes
                0x08002890       0x32 ../build\libdaisy.a(stm32h7xx_hal_cortex.o)
 .ARM.attributes
                0x080028c2       0x32 ../build\libdaisy.a(stm32h7xx_hal_dma.o)
 .ARM.attributes
                0x080028f4       0x32 ../build\libdaisy.a(stm32h7xx_hal_dma_ex.o)
 .ARM.attributes
                0x08002926       0x32 ../build\libdaisy.a(stm32h7xx_hal_lptim.o)
 .ARM.attributes
                0x08002958       0x32 ../build\libdaisy.a(stm32h7xx_hal_pwr_ex.o)
 .ARM.attributes
                0x0800298a       0x32 ../build\libdaisy.a(stm32h7xx_hal_rcc.o)
 .ARM.attributes
                0x080029bc       0x32 ../build\libdaisy.a(stm32h7xx_hal_rcc_ex.o)
 .ARM.attributes
                0x080029ee       0x32 c:/program files (x86)/gnu arm embedded toolchain/10 2021.10/bin/../lib/gcc/arm-none-eabi/10.3.1/../../../../arm-none-eabi/lib/thumb/v7e-m+dp/hard\libc_nano.a(lib_a-init.o)
 .ARM.attributes
                0x08002a20       0x32 c:/program files (x86)/gnu arm embedded toolchain/10 2021.10/bin/../lib/gcc/arm-none-eabi/10.3.1/../../../../arm-none-eabi/lib/thumb/v7e-m+dp/hard\libc_nano.a(lib_a-memcpy-stub.o)
 .ARM.attributes
                0x08002a52       0x32 c:/program files (x86)/gnu arm embedded toolchain/10 2021.10/bin/../lib/gcc/arm-none-eabi/10.3.1/../../../../arm-none-eabi/lib/thumb/v7e-m+dp/hard\libc_nano.a(lib_a-memset.o)
 .ARM.attributes
                0x08002a84       0x1e c:/program files (x86)/gnu arm embedded toolchain/10 2021.10/bin/../lib/gcc/arm-none-eabi/10.3.1/thumb/v7e-m+dp/hard/crtn.o

.preinit_array  0x08002778        0x0
                0x08002778                PROVIDE (__preinit_array_start = .)
 *(.preinit_array*)
                0x08002778                PROVIDE (__preinit_array_end = .)

.init_array     0x08002778        0x4
                0x08002778                PROVIDE (__init_array_start = .)
 *(SORT_BY_NAME(.init_array.*))
 *(.init_array*)
 .init_array    0x08002778        0x4 c:/program files (x86)/gnu arm embedded toolchain/10 2021.10/bin/../lib/gcc/arm-none-eabi/10.3.1/thumb/v7e-m+dp/hard/crtbegin.o
                0x0800277c                PROVIDE (__init_array_end = .)

.fini_array     0x0800277c        0x4
                [!provide]                PROVIDE (__fini_array_start = .)
 *(.fini_array*)
 .fini_array    0x0800277c        0x4 c:/program files (x86)/gnu arm embedded toolchain/10 2021.10/bin/../lib/gcc/arm-none-eabi/10.3.1/thumb/v7e-m+dp/hard/crtbegin.o
 *(SORT_BY_NAME(.fini_array.*))
                [!provide]                PROVIDE (__fini_array_end = .)

.data           0x24000000       0x10 load address 0x08002780
                0x24000000                . = ALIGN (0x4)
                0x24000000                _sdata = .
                [!provide]                PROVIDE (__data_start__ = _sdata)
 *(.data)
 *(.data*)
 .data.SystemCoreClock
                0x24000000        0x4 build/system_stm32h7xx.o
                0x24000000                SystemCoreClock
 .data.SystemD2Clock
                0x24000004        0x4 build/system_stm32h7xx.o
                0x24000004                SystemD2Clock
 .data.uwTickFreq
                0x24000008        0x1 ../build\libdaisy.a(stm32h7xx_hal.o)
 *fill*         0x24000009        0x3 
 .data.uwTickPrio
                0x2400000c        0x4 ../build\libdaisy.a(stm32h7xx_hal.o)
                0x24000010                . = ALIGN (0x4)
                0x24000010                _edata = .
                [!provide]                PROVIDE (__data_end__ = _edata)
                0x08002780                _sidata = LOADADDR (.data)

.igot.plt       0x24000010        0x0 load address 0x08002790
 .igot.plt      0x24000010        0x0 c:/program files (x86)/gnu arm embedded toolchain/10 2021.10/bin/../lib/gcc/arm-none-eabi/10.3.1/thumb/v7e-m+dp/hard/crtbegin.o

.RAM_D3         0x24000010        0x8 load address 0x08002790
 .RAM_D3        0x24000010        0x8 build/main.o
                0x24000010                SRC_Buffer_LED1_Toggle

.bss            0x24000018       0xd4 load address 0x08002798
                0x24000018                . = ALIGN (0x4)
                0x24000018                _sbss = .
                0x24000018                PROVIDE (__bss_start__ = _sbss)
 *(.bss)
 .bss           0x24000018       0x1c c:/program files (x86)/gnu arm embedded toolchain/10 2021.10/bin/../lib/gcc/arm-none-eabi/10.3.1/thumb/v7e-m+dp/hard/crtbegin.o
 *(.bss*)
 .bss.DMA_Handle
                0x24000034       0x78 build/main.o
                0x24000034                DMA_Handle
 .bss.DMA_TransferErrorFlag
                0x240000ac        0x4 build/main.o
                0x240000ac                DMA_TransferErrorFlag
 .bss.LptimHandle
                0x240000b0       0x38 build/main.o
                0x240000b0                LptimHandle
 .bss.uwTick    0x240000e8        0x4 ../build\libdaisy.a(stm32h7xx_hal.o)
 *(COMMON)
                0x240000ec                . = ALIGN (0x4)
                0x240000ec                _ebss = .
                0x240000ec                PROVIDE (__bss_end__ = _ebss)
                [!provide]                PROVIDE (end = .)

.dtcmram_bss    0x20000000        0x0
                0x20000000                . = ALIGN (0x4)
                0x20000000                _sdtcmram_bss = .
                [!provide]                PROVIDE (__dtcmram_bss_start__ = _sdtcmram_bss)
 *(.dtcmram_bss)
 *(.dtcmram_bss*)
                0x20000000                . = ALIGN (0x4)
                0x20000000                _edtcmram_bss = .
                [!provide]                PROVIDE (__dtcmram_bss_end__ = _edtcmram_bss)

.sram1_bss      0x30000000        0x0
                0x30000000                . = ALIGN (0x4)
                0x30000000                _ssram1_bss = .
                [!provide]                PROVIDE (__sram1_bss_start__ = _sram1_bss)
 *(.sram1_bss)
 *(.sram1_bss*)
                0x30000000                . = ALIGN (0x4)
                0x30000000                _esram1_bss = .
                [!provide]                PROVIDE (__sram1_bss_end__ = _esram1_bss)

.sdram_bss      0xc0000000        0x0
                0xc0000000                . = ALIGN (0x4)
                0xc0000000                _ssdram_bss = .
                [!provide]                PROVIDE (__sdram_bss_start = _ssdram_bss)
 *(.sdram_bss)
 *(.sdram_bss*)
                0xc0000000                . = ALIGN (0x4)
                0xc0000000                _esdram_bss = .
                [!provide]                PROVIDE (__sdram_bss_end = _esdram_bss)

.qspiflash_text
                0x90000000        0x0
                0x90000000                . = ALIGN (0x4)
                0x90000000                _sqspiflash_text = .
                [!provide]                PROVIDE (__qspiflash_text_start = _sqspiflash_text)
 *(.qspiflash_text)
 *(.qspiflash_text*)
                0x90000000                . = ALIGN (0x4)
                0x90000000                _eqspiflash_text = .
                [!provide]                PROVIDE (__qspiflash_text_end = _eqspiflash_text)

.qspiflash_data
                0x90000000        0x0
                0x90000000                . = ALIGN (0x4)
                0x90000000                _sqspiflash_data = .
                [!provide]                PROVIDE (__qspiflash_data_start = _sqspiflash_data)
 *(.qspiflash_data)
 *(.qspiflash_data*)
                0x90000000                . = ALIGN (0x4)
                0x90000000                _eqspiflash_data = .
                [!provide]                PROVIDE (__qspiflash_data_end = _eqspiflash_data)

.qspiflash_bss  0x90000000        0x0
                0x90000000                . = ALIGN (0x4)
                0x90000000                _sqspiflash_bss = .
                [!provide]                PROVIDE (__qspiflash_bss_start = _sqspiflash_bss)
 *(.qspiflash_bss)
 *(.qspiflash_bss*)
                0x90000000                . = ALIGN (0x4)
                0x90000000                _eqspiflash_bss = .
                [!provide]                PROVIDE (__qspiflash_bss_end = _eqspiflash_bss)

.heap           0x240000ec        0x0
                0x240000ec                . = ALIGN (0x4)
                [!provide]                PROVIDE (__heap_start__ = .)
 *(.heap)
                0x240000ec                . = ALIGN (0x4)
                [!provide]                PROVIDE (__heap_end__ = .)

.reserved_for_stack
                0x240000ec        0x0
                0x240000ec                . = ALIGN (0x4)
                [!provide]                PROVIDE (__reserved_for_stack_start__ = .)
 *(.reserved_for_stack)
                0x240000ec                . = ALIGN (0x4)
                [!provide]                PROVIDE (__reserved_for_stack_end__ = .)

DISCARD
 libc.a(*)
 libm.a(*)
 libgcc.a(*)
OUTPUT(build/dmaex.elf elf32-littlearm)
LOAD linker stubs
LOAD c:/program files (x86)/gnu arm embedded toolchain/10 2021.10/bin/../lib/gcc/arm-none-eabi/10.3.1/../../../../arm-none-eabi/lib/thumb/v7e-m+dp/hard\libc.a
LOAD c:/program files (x86)/gnu arm embedded toolchain/10 2021.10/bin/../lib/gcc/arm-none-eabi/10.3.1/../../../../arm-none-eabi/lib/thumb/v7e-m+dp/hard\libm.a
LOAD c:/program files (x86)/gnu arm embedded toolchain/10 2021.10/bin/../lib/gcc/arm-none-eabi/10.3.1/thumb/v7e-m+dp/hard\libgcc.a

.debug_info     0x00000000     0xd3e9
 .debug_info    0x00000000      0xa3b build/system_stm32h7xx.o
 .debug_info    0x00000a3b      0x1d0 build/startup_stm32h750xx.o
 .debug_info    0x00000c0b     0x3a0b build/main.o
 .debug_info    0x00004616     0x16d6 ../build\libdaisy.a(stm32h7xx_hal.o)
 .debug_info    0x00005cec     0x13f0 ../build\libdaisy.a(stm32h7xx_hal_cortex.o)
 .debug_info    0x000070dc      0xf2f ../build\libdaisy.a(stm32h7xx_hal_dma.o)
 .debug_info    0x0000800b      0x95b ../build\libdaisy.a(stm32h7xx_hal_dma_ex.o)
 .debug_info    0x00008966     0x1217 ../build\libdaisy.a(stm32h7xx_hal_lptim.o)
 .debug_info    0x00009b7d      0xf42 ../build\libdaisy.a(stm32h7xx_hal_pwr_ex.o)
 .debug_info    0x0000aabf     0x1267 ../build\libdaisy.a(stm32h7xx_hal_rcc.o)
 .debug_info    0x0000bd26     0x16c3 ../build\libdaisy.a(stm32h7xx_hal_rcc_ex.o)

.debug_abbrev   0x00000000     0x1dad
 .debug_abbrev  0x00000000      0x139 build/system_stm32h7xx.o
 .debug_abbrev  0x00000139      0x136 build/startup_stm32h750xx.o
 .debug_abbrev  0x0000026f      0x3f5 build/main.o
 .debug_abbrev  0x00000664      0x2b5 ../build\libdaisy.a(stm32h7xx_hal.o)
 .debug_abbrev  0x00000919      0x35f ../build\libdaisy.a(stm32h7xx_hal_cortex.o)
 .debug_abbrev  0x00000c78      0x343 ../build\libdaisy.a(stm32h7xx_hal_dma.o)
 .debug_abbrev  0x00000fbb      0x21c ../build\libdaisy.a(stm32h7xx_hal_dma_ex.o)
 .debug_abbrev  0x000011d7      0x2cf ../build\libdaisy.a(stm32h7xx_hal_lptim.o)
 .debug_abbrev  0x000014a6      0x327 ../build\libdaisy.a(stm32h7xx_hal_pwr_ex.o)
 .debug_abbrev  0x000017cd      0x2d7 ../build\libdaisy.a(stm32h7xx_hal_rcc.o)
 .debug_abbrev  0x00001aa4      0x309 ../build\libdaisy.a(stm32h7xx_hal_rcc_ex.o)

.debug_loc      0x00000000     0x5177
 .debug_loc     0x00000000      0x170 build/system_stm32h7xx.o
 .debug_loc     0x00000170       0xaf build/main.o
 .debug_loc     0x0000021f      0x59e ../build\libdaisy.a(stm32h7xx_hal.o)
 .debug_loc     0x000007bd      0x7af ../build\libdaisy.a(stm32h7xx_hal_cortex.o)
 .debug_loc     0x00000f6c     0x1273 ../build\libdaisy.a(stm32h7xx_hal_dma.o)
 .debug_loc     0x000021df      0x78f ../build\libdaisy.a(stm32h7xx_hal_dma_ex.o)
 .debug_loc     0x0000296e      0xb7b ../build\libdaisy.a(stm32h7xx_hal_lptim.o)
 .debug_loc     0x000034e9      0x3fa ../build\libdaisy.a(stm32h7xx_hal_pwr_ex.o)
 .debug_loc     0x000038e3      0x7c3 ../build\libdaisy.a(stm32h7xx_hal_rcc.o)
 .debug_loc     0x000040a6     0x10d1 ../build\libdaisy.a(stm32h7xx_hal_rcc_ex.o)

.debug_aranges  0x00000000      0x728
 .debug_aranges
                0x00000000       0x28 build/system_stm32h7xx.o
 .debug_aranges
                0x00000028       0x28 build/startup_stm32h750xx.o
 .debug_aranges
                0x00000050       0x30 build/main.o
 .debug_aranges
                0x00000080      0x198 ../build\libdaisy.a(stm32h7xx_hal.o)
 .debug_aranges
                0x00000218       0xb0 ../build\libdaisy.a(stm32h7xx_hal_cortex.o)
 .debug_aranges
                0x000002c8       0x88 ../build\libdaisy.a(stm32h7xx_hal_dma.o)
 .debug_aranges
                0x00000350       0x60 ../build\libdaisy.a(stm32h7xx_hal_dma_ex.o)
 .debug_aranges
                0x000003b0       0xf8 ../build\libdaisy.a(stm32h7xx_hal_lptim.o)
 .debug_aranges
                0x000004a8      0x128 ../build\libdaisy.a(stm32h7xx_hal_pwr_ex.o)
 .debug_aranges
                0x000005d0       0x88 ../build\libdaisy.a(stm32h7xx_hal_rcc.o)
 .debug_aranges
                0x00000658       0xd0 ../build\libdaisy.a(stm32h7xx_hal_rcc_ex.o)

.debug_ranges   0x00000000      0xa68
 .debug_ranges  0x00000000       0x18 build/system_stm32h7xx.o
 .debug_ranges  0x00000018       0x18 build/startup_stm32h750xx.o
 .debug_ranges  0x00000030       0xf8 build/main.o
 .debug_ranges  0x00000128      0x188 ../build\libdaisy.a(stm32h7xx_hal.o)
 .debug_ranges  0x000002b0      0x158 ../build\libdaisy.a(stm32h7xx_hal_cortex.o)
 .debug_ranges  0x00000408      0x138 ../build\libdaisy.a(stm32h7xx_hal_dma.o)
 .debug_ranges  0x00000540       0x50 ../build\libdaisy.a(stm32h7xx_hal_dma_ex.o)
 .debug_ranges  0x00000590      0x100 ../build\libdaisy.a(stm32h7xx_hal_lptim.o)
 .debug_ranges  0x00000690      0x130 ../build\libdaisy.a(stm32h7xx_hal_pwr_ex.o)
 .debug_ranges  0x000007c0      0x1b8 ../build\libdaisy.a(stm32h7xx_hal_rcc.o)
 .debug_ranges  0x00000978       0xf0 ../build\libdaisy.a(stm32h7xx_hal_rcc_ex.o)

.debug_line     0x00000000     0x8a71
 .debug_line    0x00000000      0x42c build/system_stm32h7xx.o
 .debug_line    0x0000042c      0x1e9 build/startup_stm32h750xx.o
 .debug_line    0x00000615      0x892 build/main.o
 .debug_line    0x00000ea7      0x95c ../build\libdaisy.a(stm32h7xx_hal.o)
 .debug_line    0x00001803      0x804 ../build\libdaisy.a(stm32h7xx_hal_cortex.o)
 .debug_line    0x00002007     0x1a64 ../build\libdaisy.a(stm32h7xx_hal_dma.o)
 .debug_line    0x00003a6b      0x915 ../build\libdaisy.a(stm32h7xx_hal_dma_ex.o)
 .debug_line    0x00004380     0x1093 ../build\libdaisy.a(stm32h7xx_hal_lptim.o)
 .debug_line    0x00005413      0x9c6 ../build\libdaisy.a(stm32h7xx_hal_pwr_ex.o)
 .debug_line    0x00005dd9     0x1273 ../build\libdaisy.a(stm32h7xx_hal_rcc.o)
 .debug_line    0x0000704c     0x1a25 ../build\libdaisy.a(stm32h7xx_hal_rcc_ex.o)

.debug_str      0x00000000     0x4b99
 .debug_str     0x00000000      0x55c build/system_stm32h7xx.o
                                0x5cd (size before relaxing)
 .debug_str     0x0000055c       0xb5 build/startup_stm32h750xx.o
                                0x263 (size before relaxing)
 .debug_str     0x00000611     0x2212 build/main.o
                               0x2a54 (size before relaxing)
 .debug_str     0x00002823      0x87f ../build\libdaisy.a(stm32h7xx_hal.o)
                               0x14e9 (size before relaxing)
 .debug_str     0x000030a2      0x422 ../build\libdaisy.a(stm32h7xx_hal_cortex.o)
                               0x104a (size before relaxing)
 .debug_str     0x000034c4      0x2d1 ../build\libdaisy.a(stm32h7xx_hal_dma.o)
                                0x94f (size before relaxing)
 .debug_str     0x00003795      0x1fc ../build\libdaisy.a(stm32h7xx_hal_dma_ex.o)
                                0x7ec (size before relaxing)
 .debug_str     0x00003991      0x47b ../build\libdaisy.a(stm32h7xx_hal_lptim.o)
                                0xa99 (size before relaxing)
 .debug_str     0x00003e0c      0x54b ../build\libdaisy.a(stm32h7xx_hal_pwr_ex.o)
                                0x9dc (size before relaxing)
 .debug_str     0x00004357      0x2ec ../build\libdaisy.a(stm32h7xx_hal_rcc.o)
                                0x9ef (size before relaxing)
 .debug_str     0x00004643      0x556 ../build\libdaisy.a(stm32h7xx_hal_rcc_ex.o)
                                0xdd7 (size before relaxing)

.comment        0x00000000       0x49
 .comment       0x00000000       0x49 build/system_stm32h7xx.o
                                 0x4a (size before relaxing)
 .comment       0x00000049       0x4a build/startup_stm32h750xx.o
 .comment       0x00000049       0x4a build/main.o
 .comment       0x00000049       0x4a ../build\libdaisy.a(stm32h7xx_hal.o)
 .comment       0x00000049       0x4a ../build\libdaisy.a(stm32h7xx_hal_cortex.o)
 .comment       0x00000049       0x4a ../build\libdaisy.a(stm32h7xx_hal_dma.o)
 .comment       0x00000049       0x4a ../build\libdaisy.a(stm32h7xx_hal_dma_ex.o)
 .comment       0x00000049       0x4a ../build\libdaisy.a(stm32h7xx_hal_lptim.o)
 .comment       0x00000049       0x4a ../build\libdaisy.a(stm32h7xx_hal_pwr_ex.o)
 .comment       0x00000049       0x4a ../build\libdaisy.a(stm32h7xx_hal_rcc.o)
 .comment       0x00000049       0x4a ../build\libdaisy.a(stm32h7xx_hal_rcc_ex.o)

.debug_frame    0x00000000     0x149c
 .debug_frame   0x00000000       0x4c build/system_stm32h7xx.o
 .debug_frame   0x0000004c       0x30 build/startup_stm32h750xx.o
 .debug_frame   0x0000007c       0x60 build/main.o
 .debug_frame   0x000000dc      0x38c ../build\libdaisy.a(stm32h7xx_hal.o)
 .debug_frame   0x00000468      0x168 ../build\libdaisy.a(stm32h7xx_hal_cortex.o)
 .debug_frame   0x000005d0      0x218 ../build\libdaisy.a(stm32h7xx_hal_dma.o)
 .debug_frame   0x000007e8      0x134 ../build\libdaisy.a(stm32h7xx_hal_dma_ex.o)
 .debug_frame   0x0000091c      0x3b0 ../build\libdaisy.a(stm32h7xx_hal_lptim.o)
 .debug_frame   0x00000ccc      0x310 ../build\libdaisy.a(stm32h7xx_hal_pwr_ex.o)
 .debug_frame   0x00000fdc      0x1c4 ../build\libdaisy.a(stm32h7xx_hal_rcc.o)
 .debug_frame   0x000011a0      0x288 ../build\libdaisy.a(stm32h7xx_hal_rcc_ex.o)
 .debug_frame   0x00001428       0x2c c:/program files (x86)/gnu arm embedded toolchain/10 2021.10/bin/../lib/gcc/arm-none-eabi/10.3.1/../../../../arm-none-eabi/lib/thumb/v7e-m+dp/hard\libc_nano.a(lib_a-init.o)
 .debug_frame   0x00001454       0x28 c:/program files (x86)/gnu arm embedded toolchain/10 2021.10/bin/../lib/gcc/arm-none-eabi/10.3.1/../../../../arm-none-eabi/lib/thumb/v7e-m+dp/hard\libc_nano.a(lib_a-memcpy-stub.o)
 .debug_frame   0x0000147c       0x20 c:/program files (x86)/gnu arm embedded toolchain/10 2021.10/bin/../lib/gcc/arm-none-eabi/10.3.1/../../../../arm-none-eabi/lib/thumb/v7e-m+dp/hard\libc_nano.a(lib_a-memset.o)

Cross Reference Table

Symbol                                            File
ADC3_IRQHandler                                   build/startup_stm32h750xx.o
ADC_IRQHandler                                    build/startup_stm32h750xx.o
BDMA_Channel0_IRQHandler                          build/startup_stm32h750xx.o
BDMA_Channel0_IRQHandler()                        build/stm32h7xx_it.o
BDMA_Channel1_IRQHandler                          build/startup_stm32h750xx.o
BDMA_Channel2_IRQHandler                          build/startup_stm32h750xx.o
BDMA_Channel3_IRQHandler                          build/startup_stm32h750xx.o
BDMA_Channel4_IRQHandler                          build/startup_stm32h750xx.o
BDMA_Channel5_IRQHandler                          build/startup_stm32h750xx.o
BDMA_Channel6_IRQHandler                          build/startup_stm32h750xx.o
BDMA_Channel7_IRQHandler                          build/startup_stm32h750xx.o
BusFault_Handler                                  build/startup_stm32h750xx.o
BusFault_Handler()                                build/stm32h7xx_it.o
CEC_IRQHandler                                    build/startup_stm32h750xx.o
COMP1_IRQHandler                                  build/startup_stm32h750xx.o
CRS_IRQHandler                                    build/startup_stm32h750xx.o
CRYP_IRQHandler                                   build/startup_stm32h750xx.o
D1CorePrescTable                                  build/system_stm32h7xx.o
                                                  ../build\libdaisy.a(stm32h7xx_hal_rcc_ex.o)
                                                  ../build\libdaisy.a(stm32h7xx_hal_rcc.o)
                                                  ../build\libdaisy.a(stm32h7xx_hal.o)
DCMI_IRQHandler                                   build/startup_stm32h750xx.o
DFSDM1_FLT0_IRQHandler                            build/startup_stm32h750xx.o
DFSDM1_FLT1_IRQHandler                            build/startup_stm32h750xx.o
DFSDM1_FLT2_IRQHandler                            build/startup_stm32h750xx.o
DFSDM1_FLT3_IRQHandler                            build/startup_stm32h750xx.o
DMA1_Stream0_IRQHandler                           build/startup_stm32h750xx.o
DMA1_Stream1_IRQHandler                           build/startup_stm32h750xx.o
DMA1_Stream2_IRQHandler                           build/startup_stm32h750xx.o
DMA1_Stream3_IRQHandler                           build/startup_stm32h750xx.o
DMA1_Stream4_IRQHandler                           build/startup_stm32h750xx.o
DMA1_Stream5_IRQHandler                           build/startup_stm32h750xx.o
DMA1_Stream6_IRQHandler                           build/startup_stm32h750xx.o
DMA1_Stream7_IRQHandler                           build/startup_stm32h750xx.o
DMA2D_IRQHandler                                  build/startup_stm32h750xx.o
DMA2_Stream0_IRQHandler                           build/startup_stm32h750xx.o
DMA2_Stream1_IRQHandler                           build/startup_stm32h750xx.o
DMA2_Stream2_IRQHandler                           build/startup_stm32h750xx.o
DMA2_Stream3_IRQHandler                           build/startup_stm32h750xx.o
DMA2_Stream4_IRQHandler                           build/startup_stm32h750xx.o
DMA2_Stream5_IRQHandler                           build/startup_stm32h750xx.o
DMA2_Stream6_IRQHandler                           build/startup_stm32h750xx.o
DMA2_Stream7_IRQHandler                           build/startup_stm32h750xx.o
DMAMUX1_OVR_IRQHandler                            build/startup_stm32h750xx.o
DMAMUX2_OVR_IRQHandler                            build/startup_stm32h750xx.o
DMAMUX2_OVR_IRQHandler()                          build/stm32h7xx_it.o
DMA_Handle                                        build/main.o
                                                  build/stm32h7xx_it.o
DMA_TransferErrorFlag                             build/main.o
DebugMon_Handler                                  build/startup_stm32h750xx.o
DebugMon_Handler()                                build/stm32h7xx_it.o
Default_Handler                                   build/startup_stm32h750xx.o
ECC_IRQHandler                                    build/startup_stm32h750xx.o
ETH_IRQHandler                                    build/startup_stm32h750xx.o
ETH_WKUP_IRQHandler                               build/startup_stm32h750xx.o
EXTI0_IRQHandler                                  build/startup_stm32h750xx.o
EXTI15_10_IRQHandler                              build/startup_stm32h750xx.o
EXTI1_IRQHandler                                  build/startup_stm32h750xx.o
EXTI2_IRQHandler                                  build/startup_stm32h750xx.o
EXTI3_IRQHandler                                  build/startup_stm32h750xx.o
EXTI4_IRQHandler                                  build/startup_stm32h750xx.o
EXTI9_5_IRQHandler                                build/startup_stm32h750xx.o
FDCAN1_IT0_IRQHandler                             build/startup_stm32h750xx.o
FDCAN1_IT1_IRQHandler                             build/startup_stm32h750xx.o
FDCAN2_IT0_IRQHandler                             build/startup_stm32h750xx.o
FDCAN2_IT1_IRQHandler                             build/startup_stm32h750xx.o
FDCAN_CAL_IRQHandler                              build/startup_stm32h750xx.o
FLASH_IRQHandler                                  build/startup_stm32h750xx.o
FMC_IRQHandler                                    build/startup_stm32h750xx.o
FPU_IRQHandler                                    build/startup_stm32h750xx.o
HAL_DBGMCU_DisableDBGSleepMode                    ../build\libdaisy.a(stm32h7xx_hal.o)
HAL_DBGMCU_DisableDBGStandbyMode                  ../build\libdaisy.a(stm32h7xx_hal.o)
HAL_DBGMCU_DisableDBGStopMode                     ../build\libdaisy.a(stm32h7xx_hal.o)
HAL_DBGMCU_EnableDBGSleepMode                     ../build\libdaisy.a(stm32h7xx_hal.o)
HAL_DBGMCU_EnableDBGStandbyMode                   ../build\libdaisy.a(stm32h7xx_hal.o)
HAL_DBGMCU_EnableDBGStopMode                      ../build\libdaisy.a(stm32h7xx_hal.o)
HAL_DMAEx_ChangeMemory                            ../build\libdaisy.a(stm32h7xx_hal_dma_ex.o)
HAL_DMAEx_ConfigMuxRequestGenerator               ../build\libdaisy.a(stm32h7xx_hal_dma_ex.o)
                                                  build/main.o
HAL_DMAEx_ConfigMuxSync                           ../build\libdaisy.a(stm32h7xx_hal_dma_ex.o)
HAL_DMAEx_DisableMuxRequestGenerator              ../build\libdaisy.a(stm32h7xx_hal_dma_ex.o)
HAL_DMAEx_EnableMuxRequestGenerator               ../build\libdaisy.a(stm32h7xx_hal_dma_ex.o)
                                                  build/main.o
HAL_DMAEx_MUX_IRQHandler                          ../build\libdaisy.a(stm32h7xx_hal_dma_ex.o)
                                                  build/stm32h7xx_it.o
HAL_DMAEx_MultiBufferStart                        ../build\libdaisy.a(stm32h7xx_hal_dma_ex.o)
HAL_DMAEx_MultiBufferStart_IT                     ../build\libdaisy.a(stm32h7xx_hal_dma_ex.o)
HAL_DMA_Abort                                     ../build\libdaisy.a(stm32h7xx_hal_dma.o)
HAL_DMA_Abort_IT                                  ../build\libdaisy.a(stm32h7xx_hal_dma.o)
HAL_DMA_DeInit                                    ../build\libdaisy.a(stm32h7xx_hal_dma.o)
HAL_DMA_GetError                                  ../build\libdaisy.a(stm32h7xx_hal_dma.o)
HAL_DMA_GetState                                  ../build\libdaisy.a(stm32h7xx_hal_dma.o)
HAL_DMA_IRQHandler                                ../build\libdaisy.a(stm32h7xx_hal_dma.o)
                                                  build/stm32h7xx_it.o
HAL_DMA_Init                                      ../build\libdaisy.a(stm32h7xx_hal_dma.o)
                                                  build/main.o
HAL_DMA_PollForTransfer                           ../build\libdaisy.a(stm32h7xx_hal_dma.o)
HAL_DMA_RegisterCallback                          ../build\libdaisy.a(stm32h7xx_hal_dma.o)
                                                  build/main.o
HAL_DMA_Start                                     ../build\libdaisy.a(stm32h7xx_hal_dma.o)
HAL_DMA_Start_IT                                  ../build\libdaisy.a(stm32h7xx_hal_dma.o)
                                                  build/main.o
HAL_DMA_UnRegisterCallback                        ../build\libdaisy.a(stm32h7xx_hal_dma.o)
HAL_DeInit                                        ../build\libdaisy.a(stm32h7xx_hal.o)
HAL_Delay                                         ../build\libdaisy.a(stm32h7xx_hal.o)
HAL_DisableCompensationCell                       ../build\libdaisy.a(stm32h7xx_hal.o)
HAL_DisableDomain3DBGStandbyMode                  ../build\libdaisy.a(stm32h7xx_hal.o)
HAL_DisableDomain3DBGStopMode                     ../build\libdaisy.a(stm32h7xx_hal.o)
HAL_EXTI_D1_ClearFlag                             ../build\libdaisy.a(stm32h7xx_hal.o)
HAL_EXTI_D1_EventInputConfig                      ../build\libdaisy.a(stm32h7xx_hal.o)
HAL_EXTI_D3_EventInputConfig                      ../build\libdaisy.a(stm32h7xx_hal.o)
HAL_EXTI_EdgeConfig                               ../build\libdaisy.a(stm32h7xx_hal.o)
HAL_EXTI_GenerateSWInterrupt                      ../build\libdaisy.a(stm32h7xx_hal.o)
HAL_EnableCompensationCell                        ../build\libdaisy.a(stm32h7xx_hal.o)
HAL_EnableDomain3DBGStandbyMode                   ../build\libdaisy.a(stm32h7xx_hal.o)
HAL_EnableDomain3DBGStopMode                      ../build\libdaisy.a(stm32h7xx_hal.o)
HAL_GPIO_DeInit                                   ../build\libdaisy.a(stm32h7xx_hal_gpio.o)
HAL_GPIO_EXTI_Callback                            ../build\libdaisy.a(stm32h7xx_hal_gpio.o)
HAL_GPIO_EXTI_IRQHandler                          ../build\libdaisy.a(stm32h7xx_hal_gpio.o)
HAL_GPIO_Init                                     ../build\libdaisy.a(stm32h7xx_hal_gpio.o)
                                                  ../build\libdaisy.a(stm32h7xx_hal_rcc.o)
HAL_GPIO_LockPin                                  ../build\libdaisy.a(stm32h7xx_hal_gpio.o)
HAL_GPIO_ReadPin                                  ../build\libdaisy.a(stm32h7xx_hal_gpio.o)
HAL_GPIO_TogglePin                                ../build\libdaisy.a(stm32h7xx_hal_gpio.o)
HAL_GPIO_WritePin                                 ../build\libdaisy.a(stm32h7xx_hal_gpio.o)
HAL_GetCurrentCPUID                               ../build\libdaisy.a(stm32h7xx_hal_cortex.o)
HAL_GetDEVID                                      ../build\libdaisy.a(stm32h7xx_hal.o)
HAL_GetFMCMemorySwappingConfig                    ../build\libdaisy.a(stm32h7xx_hal.o)
HAL_GetHalVersion                                 ../build\libdaisy.a(stm32h7xx_hal.o)
HAL_GetREVID                                      ../build\libdaisy.a(stm32h7xx_hal.o)
                                                  ../build\libdaisy.a(stm32h7xx_hal_rcc_ex.o)
                                                  ../build\libdaisy.a(stm32h7xx_hal_rcc.o)
HAL_GetTick                                       ../build\libdaisy.a(stm32h7xx_hal.o)
                                                  ../build\libdaisy.a(stm32h7xx_hal_rcc_ex.o)
                                                  ../build\libdaisy.a(stm32h7xx_hal_rcc.o)
                                                  ../build\libdaisy.a(stm32h7xx_hal_pwr_ex.o)
                                                  ../build\libdaisy.a(stm32h7xx_hal_lptim.o)
                                                  ../build\libdaisy.a(stm32h7xx_hal_dma.o)
HAL_GetTickFreq                                   ../build\libdaisy.a(stm32h7xx_hal.o)
HAL_GetTickPrio                                   ../build\libdaisy.a(stm32h7xx_hal.o)
HAL_IncTick                                       ../build\libdaisy.a(stm32h7xx_hal.o)
                                                  build/stm32h7xx_it.o
HAL_Init                                          ../build\libdaisy.a(stm32h7xx_hal.o)
                                                  build/main.o
HAL_InitTick                                      ../build\libdaisy.a(stm32h7xx_hal.o)
                                                  ../build\libdaisy.a(stm32h7xx_hal_rcc.o)
HAL_LPTIM_AutoReloadMatchCallback                 ../build\libdaisy.a(stm32h7xx_hal_lptim.o)
HAL_LPTIM_AutoReloadWriteCallback                 ../build\libdaisy.a(stm32h7xx_hal_lptim.o)
HAL_LPTIM_CompareMatchCallback                    ../build\libdaisy.a(stm32h7xx_hal_lptim.o)
HAL_LPTIM_CompareWriteCallback                    ../build\libdaisy.a(stm32h7xx_hal_lptim.o)
HAL_LPTIM_Counter_Start                           ../build\libdaisy.a(stm32h7xx_hal_lptim.o)
HAL_LPTIM_Counter_Start_IT                        ../build\libdaisy.a(stm32h7xx_hal_lptim.o)
HAL_LPTIM_Counter_Stop                            ../build\libdaisy.a(stm32h7xx_hal_lptim.o)
HAL_LPTIM_Counter_Stop_IT                         ../build\libdaisy.a(stm32h7xx_hal_lptim.o)
HAL_LPTIM_DeInit                                  ../build\libdaisy.a(stm32h7xx_hal_lptim.o)
HAL_LPTIM_DirectionDownCallback                   ../build\libdaisy.a(stm32h7xx_hal_lptim.o)
HAL_LPTIM_DirectionUpCallback                     ../build\libdaisy.a(stm32h7xx_hal_lptim.o)
HAL_LPTIM_Encoder_Start                           ../build\libdaisy.a(stm32h7xx_hal_lptim.o)
HAL_LPTIM_Encoder_Start_IT                        ../build\libdaisy.a(stm32h7xx_hal_lptim.o)
HAL_LPTIM_Encoder_Stop                            ../build\libdaisy.a(stm32h7xx_hal_lptim.o)
HAL_LPTIM_Encoder_Stop_IT                         ../build\libdaisy.a(stm32h7xx_hal_lptim.o)
HAL_LPTIM_GetState                                ../build\libdaisy.a(stm32h7xx_hal_lptim.o)
HAL_LPTIM_IRQHandler                              ../build\libdaisy.a(stm32h7xx_hal_lptim.o)
HAL_LPTIM_Init                                    ../build\libdaisy.a(stm32h7xx_hal_lptim.o)
                                                  build/main.o
HAL_LPTIM_MspDeInit                               ../build\libdaisy.a(stm32h7xx_hal_lptim.o)
HAL_LPTIM_MspInit                                 ../build\libdaisy.a(stm32h7xx_hal_lptim.o)
HAL_LPTIM_OnePulse_Start                          ../build\libdaisy.a(stm32h7xx_hal_lptim.o)
HAL_LPTIM_OnePulse_Start_IT                       ../build\libdaisy.a(stm32h7xx_hal_lptim.o)
HAL_LPTIM_OnePulse_Stop                           ../build\libdaisy.a(stm32h7xx_hal_lptim.o)
HAL_LPTIM_OnePulse_Stop_IT                        ../build\libdaisy.a(stm32h7xx_hal_lptim.o)
HAL_LPTIM_PWM_Start                               ../build\libdaisy.a(stm32h7xx_hal_lptim.o)
                                                  build/main.o
HAL_LPTIM_PWM_Start_IT                            ../build\libdaisy.a(stm32h7xx_hal_lptim.o)
HAL_LPTIM_PWM_Stop                                ../build\libdaisy.a(stm32h7xx_hal_lptim.o)
HAL_LPTIM_PWM_Stop_IT                             ../build\libdaisy.a(stm32h7xx_hal_lptim.o)
HAL_LPTIM_ReadAutoReload                          ../build\libdaisy.a(stm32h7xx_hal_lptim.o)
HAL_LPTIM_ReadCompare                             ../build\libdaisy.a(stm32h7xx_hal_lptim.o)
HAL_LPTIM_ReadCounter                             ../build\libdaisy.a(stm32h7xx_hal_lptim.o)
HAL_LPTIM_SetOnce_Start                           ../build\libdaisy.a(stm32h7xx_hal_lptim.o)
HAL_LPTIM_SetOnce_Start_IT                        ../build\libdaisy.a(stm32h7xx_hal_lptim.o)
HAL_LPTIM_SetOnce_Stop                            ../build\libdaisy.a(stm32h7xx_hal_lptim.o)
HAL_LPTIM_SetOnce_Stop_IT                         ../build\libdaisy.a(stm32h7xx_hal_lptim.o)
HAL_LPTIM_TimeOut_Start                           ../build\libdaisy.a(stm32h7xx_hal_lptim.o)
HAL_LPTIM_TimeOut_Start_IT                        ../build\libdaisy.a(stm32h7xx_hal_lptim.o)
HAL_LPTIM_TimeOut_Stop                            ../build\libdaisy.a(stm32h7xx_hal_lptim.o)
HAL_LPTIM_TimeOut_Stop_IT                         ../build\libdaisy.a(stm32h7xx_hal_lptim.o)
HAL_LPTIM_TriggerCallback                         ../build\libdaisy.a(stm32h7xx_hal_lptim.o)
HAL_MPU_ConfigRegion                              ../build\libdaisy.a(stm32h7xx_hal_cortex.o)
HAL_MPU_Disable                                   ../build\libdaisy.a(stm32h7xx_hal_cortex.o)
HAL_MPU_Enable                                    ../build\libdaisy.a(stm32h7xx_hal_cortex.o)
HAL_MspDeInit                                     ../build\libdaisy.a(stm32h7xx_hal.o)
HAL_MspInit                                       ../build\libdaisy.a(stm32h7xx_hal.o)
HAL_NVIC_ClearPendingIRQ                          ../build\libdaisy.a(stm32h7xx_hal_cortex.o)
HAL_NVIC_DisableIRQ                               ../build\libdaisy.a(stm32h7xx_hal_cortex.o)
HAL_NVIC_EnableIRQ                                ../build\libdaisy.a(stm32h7xx_hal_cortex.o)
                                                  build/main.o
HAL_NVIC_GetActive                                ../build\libdaisy.a(stm32h7xx_hal_cortex.o)
HAL_NVIC_GetPendingIRQ                            ../build\libdaisy.a(stm32h7xx_hal_cortex.o)
HAL_NVIC_GetPriority                              ../build\libdaisy.a(stm32h7xx_hal_cortex.o)
HAL_NVIC_GetPriorityGrouping                      ../build\libdaisy.a(stm32h7xx_hal_cortex.o)
HAL_NVIC_SetPendingIRQ                            ../build\libdaisy.a(stm32h7xx_hal_cortex.o)
HAL_NVIC_SetPriority                              ../build\libdaisy.a(stm32h7xx_hal_cortex.o)
                                                  ../build\libdaisy.a(stm32h7xx_hal.o)
                                                  build/main.o
HAL_NVIC_SetPriorityGrouping                      ../build\libdaisy.a(stm32h7xx_hal_cortex.o)
                                                  ../build\libdaisy.a(stm32h7xx_hal.o)
HAL_NVIC_SystemReset                              ../build\libdaisy.a(stm32h7xx_hal_cortex.o)
HAL_PWREx_AVDCallback                             ../build\libdaisy.a(stm32h7xx_hal_pwr_ex.o)
HAL_PWREx_ClearPendingEvent                       ../build\libdaisy.a(stm32h7xx_hal_pwr_ex.o)
HAL_PWREx_ClearWakeupFlag                         ../build\libdaisy.a(stm32h7xx_hal_pwr_ex.o)
HAL_PWREx_ConfigAVD                               ../build\libdaisy.a(stm32h7xx_hal_pwr_ex.o)
HAL_PWREx_ConfigD3Domain                          ../build\libdaisy.a(stm32h7xx_hal_pwr_ex.o)
HAL_PWREx_ConfigSupply                            ../build\libdaisy.a(stm32h7xx_hal_pwr_ex.o)
                                                  build/main.o
HAL_PWREx_ControlStopModeVoltageScaling           ../build\libdaisy.a(stm32h7xx_hal_pwr_ex.o)
HAL_PWREx_ControlVoltageScaling                   ../build\libdaisy.a(stm32h7xx_hal_pwr_ex.o)
HAL_PWREx_DisableAVD                              ../build\libdaisy.a(stm32h7xx_hal_pwr_ex.o)
HAL_PWREx_DisableBatteryCharging                  ../build\libdaisy.a(stm32h7xx_hal_pwr_ex.o)
HAL_PWREx_DisableBkUpReg                          ../build\libdaisy.a(stm32h7xx_hal_pwr_ex.o)
HAL_PWREx_DisableFlashPowerDown                   ../build\libdaisy.a(stm32h7xx_hal_pwr_ex.o)
HAL_PWREx_DisableMonitoring                       ../build\libdaisy.a(stm32h7xx_hal_pwr_ex.o)
HAL_PWREx_DisableUSBReg                           ../build\libdaisy.a(stm32h7xx_hal_pwr_ex.o)
HAL_PWREx_DisableUSBVoltageDetector               ../build\libdaisy.a(stm32h7xx_hal_pwr_ex.o)
HAL_PWREx_DisableWakeUpPin                        ../build\libdaisy.a(stm32h7xx_hal_pwr_ex.o)
HAL_PWREx_EnableAVD                               ../build\libdaisy.a(stm32h7xx_hal_pwr_ex.o)
HAL_PWREx_EnableBatteryCharging                   ../build\libdaisy.a(stm32h7xx_hal_pwr_ex.o)
HAL_PWREx_EnableBkUpReg                           ../build\libdaisy.a(stm32h7xx_hal_pwr_ex.o)
HAL_PWREx_EnableFlashPowerDown                    ../build\libdaisy.a(stm32h7xx_hal_pwr_ex.o)
HAL_PWREx_EnableMonitoring                        ../build\libdaisy.a(stm32h7xx_hal_pwr_ex.o)
HAL_PWREx_EnableUSBReg                            ../build\libdaisy.a(stm32h7xx_hal_pwr_ex.o)
HAL_PWREx_EnableUSBVoltageDetector                ../build\libdaisy.a(stm32h7xx_hal_pwr_ex.o)
HAL_PWREx_EnableWakeUpPin                         ../build\libdaisy.a(stm32h7xx_hal_pwr_ex.o)
HAL_PWREx_EnterSTANDBYMode                        ../build\libdaisy.a(stm32h7xx_hal_pwr_ex.o)
HAL_PWREx_EnterSTOPMode                           ../build\libdaisy.a(stm32h7xx_hal_pwr_ex.o)
HAL_PWREx_GetStopModeVoltageRange                 ../build\libdaisy.a(stm32h7xx_hal_pwr_ex.o)
HAL_PWREx_GetSupplyConfig                         ../build\libdaisy.a(stm32h7xx_hal_pwr_ex.o)
HAL_PWREx_GetTemperatureLevel                     ../build\libdaisy.a(stm32h7xx_hal_pwr_ex.o)
HAL_PWREx_GetVBATLevel                            ../build\libdaisy.a(stm32h7xx_hal_pwr_ex.o)
HAL_PWREx_GetVoltageRange                         ../build\libdaisy.a(stm32h7xx_hal_pwr_ex.o)
HAL_PWREx_GetWakeupFlag                           ../build\libdaisy.a(stm32h7xx_hal_pwr_ex.o)
HAL_PWREx_PVD_AVD_IRQHandler                      ../build\libdaisy.a(stm32h7xx_hal_pwr_ex.o)
HAL_PWREx_WAKEUP_PIN_IRQHandler                   ../build\libdaisy.a(stm32h7xx_hal_pwr_ex.o)
HAL_PWREx_WKUP1_Callback                          ../build\libdaisy.a(stm32h7xx_hal_pwr_ex.o)
HAL_PWREx_WKUP2_Callback                          ../build\libdaisy.a(stm32h7xx_hal_pwr_ex.o)
HAL_PWREx_WKUP3_Callback                          ../build\libdaisy.a(stm32h7xx_hal_pwr_ex.o)
HAL_PWREx_WKUP4_Callback                          ../build\libdaisy.a(stm32h7xx_hal_pwr_ex.o)
HAL_PWREx_WKUP5_Callback                          ../build\libdaisy.a(stm32h7xx_hal_pwr_ex.o)
HAL_PWREx_WKUP6_Callback                          ../build\libdaisy.a(stm32h7xx_hal_pwr_ex.o)
HAL_PWR_ConfigPVD                                 ../build\libdaisy.a(stm32h7xx_hal_pwr.o)
HAL_PWR_DeInit                                    ../build\libdaisy.a(stm32h7xx_hal_pwr.o)
HAL_PWR_DisableBkUpAccess                         ../build\libdaisy.a(stm32h7xx_hal_pwr.o)
HAL_PWR_DisablePVD                                ../build\libdaisy.a(stm32h7xx_hal_pwr.o)
HAL_PWR_DisableSEVOnPend                          ../build\libdaisy.a(stm32h7xx_hal_pwr.o)
HAL_PWR_DisableSleepOnExit                        ../build\libdaisy.a(stm32h7xx_hal_pwr.o)
HAL_PWR_DisableWakeUpPin                          ../build\libdaisy.a(stm32h7xx_hal_pwr.o)
HAL_PWR_EnableBkUpAccess                          ../build\libdaisy.a(stm32h7xx_hal_pwr.o)
HAL_PWR_EnablePVD                                 ../build\libdaisy.a(stm32h7xx_hal_pwr.o)
HAL_PWR_EnableSEVOnPend                           ../build\libdaisy.a(stm32h7xx_hal_pwr.o)
HAL_PWR_EnableSleepOnExit                         ../build\libdaisy.a(stm32h7xx_hal_pwr.o)
HAL_PWR_EnableWakeUpPin                           ../build\libdaisy.a(stm32h7xx_hal_pwr.o)
HAL_PWR_EnterSLEEPMode                            ../build\libdaisy.a(stm32h7xx_hal_pwr.o)
HAL_PWR_EnterSTANDBYMode                          ../build\libdaisy.a(stm32h7xx_hal_pwr.o)
HAL_PWR_EnterSTOPMode                             ../build\libdaisy.a(stm32h7xx_hal_pwr.o)
HAL_PWR_PVDCallback                               ../build\libdaisy.a(stm32h7xx_hal_pwr.o)
                                                  ../build\libdaisy.a(stm32h7xx_hal_pwr_ex.o)
HAL_PWR_PVD_IRQHandler                            ../build\libdaisy.a(stm32h7xx_hal_pwr.o)
HAL_RCCEx_CRSConfig                               ../build\libdaisy.a(stm32h7xx_hal_rcc_ex.o)
HAL_RCCEx_CRSGetSynchronizationInfo               ../build\libdaisy.a(stm32h7xx_hal_rcc_ex.o)
HAL_RCCEx_CRSSoftwareSynchronizationGenerate      ../build\libdaisy.a(stm32h7xx_hal_rcc_ex.o)
HAL_RCCEx_CRSWaitSynchronization                  ../build\libdaisy.a(stm32h7xx_hal_rcc_ex.o)
HAL_RCCEx_CRS_ErrorCallback                       ../build\libdaisy.a(stm32h7xx_hal_rcc_ex.o)
HAL_RCCEx_CRS_ExpectedSyncCallback                ../build\libdaisy.a(stm32h7xx_hal_rcc_ex.o)
HAL_RCCEx_CRS_IRQHandler                          ../build\libdaisy.a(stm32h7xx_hal_rcc_ex.o)
HAL_RCCEx_CRS_SyncOkCallback                      ../build\libdaisy.a(stm32h7xx_hal_rcc_ex.o)
HAL_RCCEx_CRS_SyncWarnCallback                    ../build\libdaisy.a(stm32h7xx_hal_rcc_ex.o)
HAL_RCCEx_DisableLSECSS                           ../build\libdaisy.a(stm32h7xx_hal_rcc_ex.o)
HAL_RCCEx_EnableLSECSS                            ../build\libdaisy.a(stm32h7xx_hal_rcc_ex.o)
HAL_RCCEx_GetD1PCLK1Freq                          ../build\libdaisy.a(stm32h7xx_hal_rcc_ex.o)
HAL_RCCEx_GetD1SysClockFreq                       ../build\libdaisy.a(stm32h7xx_hal_rcc_ex.o)
                                                  ../build\libdaisy.a(stm32h7xx_hal_rcc.o)
HAL_RCCEx_GetD3PCLK1Freq                          ../build\libdaisy.a(stm32h7xx_hal_rcc_ex.o)
HAL_RCCEx_GetPLL1ClockFreq                        ../build\libdaisy.a(stm32h7xx_hal_rcc_ex.o)
HAL_RCCEx_GetPLL2ClockFreq                        ../build\libdaisy.a(stm32h7xx_hal_rcc_ex.o)
HAL_RCCEx_GetPLL3ClockFreq                        ../build\libdaisy.a(stm32h7xx_hal_rcc_ex.o)
HAL_RCCEx_GetPeriphCLKConfig                      ../build\libdaisy.a(stm32h7xx_hal_rcc_ex.o)
HAL_RCCEx_GetPeriphCLKFreq                        ../build\libdaisy.a(stm32h7xx_hal_rcc_ex.o)
HAL_RCCEx_KerWakeUpStopCLKConfig                  ../build\libdaisy.a(stm32h7xx_hal_rcc_ex.o)
HAL_RCCEx_PeriphCLKConfig                         ../build\libdaisy.a(stm32h7xx_hal_rcc_ex.o)
                                                  build/main.o
HAL_RCCEx_WWDGxSysResetConfig                     ../build\libdaisy.a(stm32h7xx_hal_rcc_ex.o)
HAL_RCCEx_WakeUpStopCLKConfig                     ../build\libdaisy.a(stm32h7xx_hal_rcc_ex.o)
HAL_RCC_CSSCallback                               ../build\libdaisy.a(stm32h7xx_hal_rcc.o)
HAL_RCC_ClockConfig                               ../build\libdaisy.a(stm32h7xx_hal_rcc.o)
                                                  build/main.o
HAL_RCC_DeInit                                    ../build\libdaisy.a(stm32h7xx_hal_rcc.o)
HAL_RCC_DisableCSS                                ../build\libdaisy.a(stm32h7xx_hal_rcc.o)
HAL_RCC_EnableCSS                                 ../build\libdaisy.a(stm32h7xx_hal_rcc.o)
HAL_RCC_GetClockConfig                            ../build\libdaisy.a(stm32h7xx_hal_rcc.o)
HAL_RCC_GetHCLKFreq                               ../build\libdaisy.a(stm32h7xx_hal_rcc.o)
                                                  ../build\libdaisy.a(stm32h7xx_hal_rcc_ex.o)
HAL_RCC_GetOscConfig                              ../build\libdaisy.a(stm32h7xx_hal_rcc.o)
HAL_RCC_GetPCLK1Freq                              ../build\libdaisy.a(stm32h7xx_hal_rcc.o)
HAL_RCC_GetPCLK2Freq                              ../build\libdaisy.a(stm32h7xx_hal_rcc.o)
HAL_RCC_GetSysClockFreq                           ../build\libdaisy.a(stm32h7xx_hal_rcc.o)
                                                  ../build\libdaisy.a(stm32h7xx_hal_rcc_ex.o)
                                                  ../build\libdaisy.a(stm32h7xx_hal.o)
HAL_RCC_MCOConfig                                 ../build\libdaisy.a(stm32h7xx_hal_rcc.o)
HAL_RCC_NMI_IRQHandler                            ../build\libdaisy.a(stm32h7xx_hal_rcc.o)
HAL_RCC_OscConfig                                 ../build\libdaisy.a(stm32h7xx_hal_rcc.o)
                                                  build/main.o
HAL_ResumeTick                                    ../build\libdaisy.a(stm32h7xx_hal.o)
HAL_SYSCFG_AnalogSwitchConfig                     ../build\libdaisy.a(stm32h7xx_hal.o)
HAL_SYSCFG_CM7BootAddConfig                       ../build\libdaisy.a(stm32h7xx_hal.o)
HAL_SYSCFG_CompensationCodeConfig                 ../build\libdaisy.a(stm32h7xx_hal.o)
HAL_SYSCFG_CompensationCodeSelect                 ../build\libdaisy.a(stm32h7xx_hal.o)
HAL_SYSCFG_DisableBOOST                           ../build\libdaisy.a(stm32h7xx_hal.o)
HAL_SYSCFG_DisableIOSpeedOptimize                 ../build\libdaisy.a(stm32h7xx_hal.o)
HAL_SYSCFG_DisableVREFBUF                         ../build\libdaisy.a(stm32h7xx_hal.o)
HAL_SYSCFG_ETHInterfaceSelect                     ../build\libdaisy.a(stm32h7xx_hal.o)
HAL_SYSCFG_EnableBOOST                            ../build\libdaisy.a(stm32h7xx_hal.o)
HAL_SYSCFG_EnableIOSpeedOptimize                  ../build\libdaisy.a(stm32h7xx_hal.o)
HAL_SYSCFG_EnableVREFBUF                          ../build\libdaisy.a(stm32h7xx_hal.o)
HAL_SYSCFG_VREFBUF_HighImpedanceConfig            ../build\libdaisy.a(stm32h7xx_hal.o)
HAL_SYSCFG_VREFBUF_TrimmingConfig                 ../build\libdaisy.a(stm32h7xx_hal.o)
HAL_SYSCFG_VREFBUF_VoltageScalingConfig           ../build\libdaisy.a(stm32h7xx_hal.o)
HAL_SYSTICK_CLKSourceConfig                       ../build\libdaisy.a(stm32h7xx_hal_cortex.o)
HAL_SYSTICK_Callback                              ../build\libdaisy.a(stm32h7xx_hal_cortex.o)
HAL_SYSTICK_Config                                ../build\libdaisy.a(stm32h7xx_hal_cortex.o)
                                                  ../build\libdaisy.a(stm32h7xx_hal.o)
HAL_SYSTICK_IRQHandler                            ../build\libdaisy.a(stm32h7xx_hal_cortex.o)
HAL_SetFMCMemorySwappingConfig                    ../build\libdaisy.a(stm32h7xx_hal.o)
HAL_SetTickFreq                                   ../build\libdaisy.a(stm32h7xx_hal.o)
HAL_SuspendTick                                   ../build\libdaisy.a(stm32h7xx_hal.o)
HASH_RNG_IRQHandler                               build/startup_stm32h750xx.o
HRTIM1_FLT_IRQHandler                             build/startup_stm32h750xx.o
HRTIM1_Master_IRQHandler                          build/startup_stm32h750xx.o
HRTIM1_TIMA_IRQHandler                            build/startup_stm32h750xx.o
HRTIM1_TIMB_IRQHandler                            build/startup_stm32h750xx.o
HRTIM1_TIMC_IRQHandler                            build/startup_stm32h750xx.o
HRTIM1_TIMD_IRQHandler                            build/startup_stm32h750xx.o
HRTIM1_TIME_IRQHandler                            build/startup_stm32h750xx.o
HSEM1_IRQHandler                                  build/startup_stm32h750xx.o
HardFault_Handler                                 build/startup_stm32h750xx.o
HardFault_Handler()                               build/stm32h7xx_it.o
I2C1_ER_IRQHandler                                build/startup_stm32h750xx.o
I2C1_EV_IRQHandler                                build/startup_stm32h750xx.o
I2C2_ER_IRQHandler                                build/startup_stm32h750xx.o
I2C2_EV_IRQHandler                                build/startup_stm32h750xx.o
I2C3_ER_IRQHandler                                build/startup_stm32h750xx.o
I2C3_EV_IRQHandler                                build/startup_stm32h750xx.o
I2C4_ER_IRQHandler                                build/startup_stm32h750xx.o
I2C4_EV_IRQHandler                                build/startup_stm32h750xx.o
JPEG_IRQHandler                                   build/startup_stm32h750xx.o
LPTIM1_IRQHandler                                 build/startup_stm32h750xx.o
LPTIM2_IRQHandler                                 build/startup_stm32h750xx.o
LPTIM3_IRQHandler                                 build/startup_stm32h750xx.o
LPTIM4_IRQHandler                                 build/startup_stm32h750xx.o
LPTIM5_IRQHandler                                 build/startup_stm32h750xx.o
LPTIM_Config()                                    build/main.o
LPTIM_Disable                                     ../build\libdaisy.a(stm32h7xx_hal_lptim.o)
LPUART1_IRQHandler                                build/startup_stm32h750xx.o
LTDC_ER_IRQHandler                                build/startup_stm32h750xx.o
LTDC_IRQHandler                                   build/startup_stm32h750xx.o
LptimHandle                                       build/main.o
MDIOS_IRQHandler                                  build/startup_stm32h750xx.o
MDIOS_WKUP_IRQHandler                             build/startup_stm32h750xx.o
MDMA_IRQHandler                                   build/startup_stm32h750xx.o
MemManage_Handler                                 build/startup_stm32h750xx.o
MemManage_Handler()                               build/stm32h7xx_it.o
NMI_Handler                                       build/startup_stm32h750xx.o
NMI_Handler()                                     build/stm32h7xx_it.o
OTG_FS_EP1_IN_IRQHandler                          build/startup_stm32h750xx.o
OTG_FS_EP1_OUT_IRQHandler                         build/startup_stm32h750xx.o
OTG_FS_IRQHandler                                 build/startup_stm32h750xx.o
OTG_FS_WKUP_IRQHandler                            build/startup_stm32h750xx.o
OTG_HS_EP1_IN_IRQHandler                          build/startup_stm32h750xx.o
OTG_HS_EP1_OUT_IRQHandler                         build/startup_stm32h750xx.o
OTG_HS_IRQHandler                                 build/startup_stm32h750xx.o
OTG_HS_WKUP_IRQHandler                            build/startup_stm32h750xx.o
PVD_AVD_IRQHandler                                build/startup_stm32h750xx.o
PendSV_Handler                                    build/startup_stm32h750xx.o
PendSV_Handler()                                  build/stm32h7xx_it.o
QUADSPI_IRQHandler                                build/startup_stm32h750xx.o
RCC_IRQHandler                                    build/startup_stm32h750xx.o
RTC_Alarm_IRQHandler                              build/startup_stm32h750xx.o
RTC_WKUP_IRQHandler                               build/startup_stm32h750xx.o
Reset_Handler                                     build/startup_stm32h750xx.o
SAI1_IRQHandler                                   build/startup_stm32h750xx.o
SAI2_IRQHandler                                   build/startup_stm32h750xx.o
SAI3_IRQHandler                                   build/startup_stm32h750xx.o
SAI4_IRQHandler                                   build/startup_stm32h750xx.o
SDMMC1_IRQHandler                                 build/startup_stm32h750xx.o
SDMMC2_IRQHandler                                 build/startup_stm32h750xx.o
SPDIF_RX_IRQHandler                               build/startup_stm32h750xx.o
SPI1_IRQHandler                                   build/startup_stm32h750xx.o
SPI2_IRQHandler                                   build/startup_stm32h750xx.o
SPI3_IRQHandler                                   build/startup_stm32h750xx.o
SPI4_IRQHandler                                   build/startup_stm32h750xx.o
SPI5_IRQHandler                                   build/startup_stm32h750xx.o
SPI6_IRQHandler                                   build/startup_stm32h750xx.o
SRC_Buffer_LED1_Toggle                            build/main.o
SVC_Handler                                       build/startup_stm32h750xx.o
SVC_Handler()                                     build/stm32h7xx_it.o
SWPMI1_IRQHandler                                 build/startup_stm32h750xx.o
SysTick_Handler                                   build/startup_stm32h750xx.o
SysTick_Handler()                                 build/stm32h7xx_it.o
SystemCoreClock                                   build/system_stm32h7xx.o
                                                  ../build\libdaisy.a(stm32h7xx_hal_rcc_ex.o)
                                                  ../build\libdaisy.a(stm32h7xx_hal_rcc.o)
                                                  ../build\libdaisy.a(stm32h7xx_hal_dma.o)
                                                  ../build\libdaisy.a(stm32h7xx_hal.o)
SystemCoreClockUpdate                             build/system_stm32h7xx.o
SystemD2Clock                                     build/system_stm32h7xx.o
                                                  ../build\libdaisy.a(stm32h7xx_hal_rcc.o)
                                                  ../build\libdaisy.a(stm32h7xx_hal.o)
SystemInit                                        build/system_stm32h7xx.o
                                                  build/startup_stm32h750xx.o
TAMP_STAMP_IRQHandler                             build/startup_stm32h750xx.o
TIM15_IRQHandler                                  build/startup_stm32h750xx.o
TIM16_IRQHandler                                  build/startup_stm32h750xx.o
TIM17_IRQHandler                                  build/startup_stm32h750xx.o
TIM1_BRK_IRQHandler                               build/startup_stm32h750xx.o
TIM1_CC_IRQHandler                                build/startup_stm32h750xx.o
TIM1_TRG_COM_IRQHandler                           build/startup_stm32h750xx.o
TIM1_UP_IRQHandler                                build/startup_stm32h750xx.o
TIM2_IRQHandler                                   build/startup_stm32h750xx.o
TIM3_IRQHandler                                   build/startup_stm32h750xx.o
TIM4_IRQHandler                                   build/startup_stm32h750xx.o
TIM5_IRQHandler                                   build/startup_stm32h750xx.o
TIM6_DAC_IRQHandler                               build/startup_stm32h750xx.o
TIM7_IRQHandler                                   build/startup_stm32h750xx.o
TIM8_BRK_TIM12_IRQHandler                         build/startup_stm32h750xx.o
TIM8_CC_IRQHandler                                build/startup_stm32h750xx.o
TIM8_TRG_COM_TIM14_IRQHandler                     build/startup_stm32h750xx.o
TIM8_UP_TIM13_IRQHandler                          build/startup_stm32h750xx.o
UART4_IRQHandler                                  build/startup_stm32h750xx.o
UART5_IRQHandler                                  build/startup_stm32h750xx.o
UART7_IRQHandler                                  build/startup_stm32h750xx.o
UART8_IRQHandler                                  build/startup_stm32h750xx.o
USART1_IRQHandler                                 build/startup_stm32h750xx.o
USART2_IRQHandler                                 build/startup_stm32h750xx.o
USART3_IRQHandler                                 build/startup_stm32h750xx.o
USART6_IRQHandler                                 build/startup_stm32h750xx.o
UsageFault_Handler                                build/startup_stm32h750xx.o
UsageFault_Handler()                              build/stm32h7xx_it.o
WAKEUP_PIN_IRQHandler                             build/startup_stm32h750xx.o
WWDG_IRQHandler                                   build/startup_stm32h750xx.o
__bss_end__                                       c:/program files (x86)/gnu arm embedded toolchain/10 2021.10/bin/../lib/gcc/arm-none-eabi/10.3.1/../../../../arm-none-eabi/lib/thumb/v7e-m+dp/hard/crt0.o
__bss_start__                                     c:/program files (x86)/gnu arm embedded toolchain/10 2021.10/bin/../lib/gcc/arm-none-eabi/10.3.1/../../../../arm-none-eabi/lib/thumb/v7e-m+dp/hard/crt0.o
__call_exitprocs                                  c:/program files (x86)/gnu arm embedded toolchain/10 2021.10/bin/../lib/gcc/arm-none-eabi/10.3.1/../../../../arm-none-eabi/lib/thumb/v7e-m+dp/hard\libc_nano.a(lib_a-exit.o)
__deregister_frame_info                           c:/program files (x86)/gnu arm embedded toolchain/10 2021.10/bin/../lib/gcc/arm-none-eabi/10.3.1/thumb/v7e-m+dp/hard/crtbegin.o
__dso_handle                                      c:/program files (x86)/gnu arm embedded toolchain/10 2021.10/bin/../lib/gcc/arm-none-eabi/10.3.1/thumb/v7e-m+dp/hard/crtbegin.o
__init_array_end                                  c:/program files (x86)/gnu arm embedded toolchain/10 2021.10/bin/../lib/gcc/arm-none-eabi/10.3.1/../../../../arm-none-eabi/lib/thumb/v7e-m+dp/hard\libc_nano.a(lib_a-init.o)
__init_array_start                                c:/program files (x86)/gnu arm embedded toolchain/10 2021.10/bin/../lib/gcc/arm-none-eabi/10.3.1/../../../../arm-none-eabi/lib/thumb/v7e-m+dp/hard\libc_nano.a(lib_a-init.o)
__libc_fini_array                                 c:/program files (x86)/gnu arm embedded toolchain/10 2021.10/bin/../lib/gcc/arm-none-eabi/10.3.1/../../../../arm-none-eabi/lib/thumb/v7e-m+dp/hard/crt0.o
__libc_init_array                                 c:/program files (x86)/gnu arm embedded toolchain/10 2021.10/bin/../lib/gcc/arm-none-eabi/10.3.1/../../../../arm-none-eabi/lib/thumb/v7e-m+dp/hard\libc_nano.a(lib_a-init.o)
                                                  build/startup_stm32h750xx.o
                                                  c:/program files (x86)/gnu arm embedded toolchain/10 2021.10/bin/../lib/gcc/arm-none-eabi/10.3.1/../../../../arm-none-eabi/lib/thumb/v7e-m+dp/hard/crt0.o
__preinit_array_end                               c:/program files (x86)/gnu arm embedded toolchain/10 2021.10/bin/../lib/gcc/arm-none-eabi/10.3.1/../../../../arm-none-eabi/lib/thumb/v7e-m+dp/hard\libc_nano.a(lib_a-init.o)
__preinit_array_start                             c:/program files (x86)/gnu arm embedded toolchain/10 2021.10/bin/../lib/gcc/arm-none-eabi/10.3.1/../../../../arm-none-eabi/lib/thumb/v7e-m+dp/hard\libc_nano.a(lib_a-init.o)
__register_frame_info                             c:/program files (x86)/gnu arm embedded toolchain/10 2021.10/bin/../lib/gcc/arm-none-eabi/10.3.1/thumb/v7e-m+dp/hard/crtbegin.o
__sf_fake_stderr                                  c:/program files (x86)/gnu arm embedded toolchain/10 2021.10/bin/../lib/gcc/arm-none-eabi/10.3.1/../../../../arm-none-eabi/lib/thumb/v7e-m+dp/hard\libc_nano.a(lib_a-impure.o)
__sf_fake_stdin                                   c:/program files (x86)/gnu arm embedded toolchain/10 2021.10/bin/../lib/gcc/arm-none-eabi/10.3.1/../../../../arm-none-eabi/lib/thumb/v7e-m+dp/hard\libc_nano.a(lib_a-impure.o)
__sf_fake_stdout                                  c:/program files (x86)/gnu arm embedded toolchain/10 2021.10/bin/../lib/gcc/arm-none-eabi/10.3.1/../../../../arm-none-eabi/lib/thumb/v7e-m+dp/hard\libc_nano.a(lib_a-impure.o)
__stack                                           c:/program files (x86)/gnu arm embedded toolchain/10 2021.10/bin/../lib/gcc/arm-none-eabi/10.3.1/../../../../arm-none-eabi/lib/thumb/v7e-m+dp/hard/crt0.o
_ebss                                             build/startup_stm32h750xx.o
_edata                                            build/startup_stm32h750xx.o
_estack                                           build/startup_stm32h750xx.o
_exit                                             c:/program files (x86)/gnu arm embedded toolchain/10 2021.10/bin/../lib/gcc/arm-none-eabi/10.3.1/../../../../arm-none-eabi/lib/thumb/v7e-m+dp/hard\libnosys.a(_exit.o)
                                                  c:/program files (x86)/gnu arm embedded toolchain/10 2021.10/bin/../lib/gcc/arm-none-eabi/10.3.1/../../../../arm-none-eabi/lib/thumb/v7e-m+dp/hard\libc_nano.a(lib_a-exit.o)
_fini                                             c:/program files (x86)/gnu arm embedded toolchain/10 2021.10/bin/../lib/gcc/arm-none-eabi/10.3.1/thumb/v7e-m+dp/hard/crti.o
_global_impure_ptr                                c:/program files (x86)/gnu arm embedded toolchain/10 2021.10/bin/../lib/gcc/arm-none-eabi/10.3.1/../../../../arm-none-eabi/lib/thumb/v7e-m+dp/hard\libc_nano.a(lib_a-impure.o)
                                                  c:/program files (x86)/gnu arm embedded toolchain/10 2021.10/bin/../lib/gcc/arm-none-eabi/10.3.1/../../../../arm-none-eabi/lib/thumb/v7e-m+dp/hard\libc_nano.a(lib_a-exit.o)
_impure_ptr                                       c:/program files (x86)/gnu arm embedded toolchain/10 2021.10/bin/../lib/gcc/arm-none-eabi/10.3.1/../../../../arm-none-eabi/lib/thumb/v7e-m+dp/hard\libc_nano.a(lib_a-impure.o)
_init                                             c:/program files (x86)/gnu arm embedded toolchain/10 2021.10/bin/../lib/gcc/arm-none-eabi/10.3.1/thumb/v7e-m+dp/hard/crti.o
                                                  c:/program files (x86)/gnu arm embedded toolchain/10 2021.10/bin/../lib/gcc/arm-none-eabi/10.3.1/../../../../arm-none-eabi/lib/thumb/v7e-m+dp/hard\libc_nano.a(lib_a-init.o)
_mainCRTStartup                                   c:/program files (x86)/gnu arm embedded toolchain/10 2021.10/bin/../lib/gcc/arm-none-eabi/10.3.1/../../../../arm-none-eabi/lib/thumb/v7e-m+dp/hard/crt0.o
_sbss                                             build/startup_stm32h750xx.o
_sdata                                            build/startup_stm32h750xx.o
_sidata                                           build/startup_stm32h750xx.o
_stack_init                                       c:/program files (x86)/gnu arm embedded toolchain/10 2021.10/bin/../lib/gcc/arm-none-eabi/10.3.1/../../../../arm-none-eabi/lib/thumb/v7e-m+dp/hard/crt0.o
_start                                            c:/program files (x86)/gnu arm embedded toolchain/10 2021.10/bin/../lib/gcc/arm-none-eabi/10.3.1/../../../../arm-none-eabi/lib/thumb/v7e-m+dp/hard/crt0.o
atexit                                            c:/program files (x86)/gnu arm embedded toolchain/10 2021.10/bin/../lib/gcc/arm-none-eabi/10.3.1/../../../../arm-none-eabi/lib/thumb/v7e-m+dp/hard/crt0.o
exit                                              c:/program files (x86)/gnu arm embedded toolchain/10 2021.10/bin/../lib/gcc/arm-none-eabi/10.3.1/../../../../arm-none-eabi/lib/thumb/v7e-m+dp/hard\libc_nano.a(lib_a-exit.o)
                                                  c:/program files (x86)/gnu arm embedded toolchain/10 2021.10/bin/../lib/gcc/arm-none-eabi/10.3.1/../../../../arm-none-eabi/lib/thumb/v7e-m+dp/hard/crt0.o
g_pfnVectors                                      build/startup_stm32h750xx.o
hardware_init_hook                                c:/program files (x86)/gnu arm embedded toolchain/10 2021.10/bin/../lib/gcc/arm-none-eabi/10.3.1/../../../../arm-none-eabi/lib/thumb/v7e-m+dp/hard/crt0.o
main                                              build/main.o
                                                  build/startup_stm32h750xx.o
                                                  c:/program files (x86)/gnu arm embedded toolchain/10 2021.10/bin/../lib/gcc/arm-none-eabi/10.3.1/../../../../arm-none-eabi/lib/thumb/v7e-m+dp/hard/crt0.o
memcpy                                            c:/program files (x86)/gnu arm embedded toolchain/10 2021.10/bin/../lib/gcc/arm-none-eabi/10.3.1/../../../../arm-none-eabi/lib/thumb/v7e-m+dp/hard\libc_nano.a(lib_a-memcpy-stub.o)
                                                  build/startup_stm32h750xx.o
memset                                            c:/program files (x86)/gnu arm embedded toolchain/10 2021.10/bin/../lib/gcc/arm-none-eabi/10.3.1/../../../../arm-none-eabi/lib/thumb/v7e-m+dp/hard\libc_nano.a(lib_a-memset.o)
                                                  build/startup_stm32h750xx.o
                                                  c:/program files (x86)/gnu arm embedded toolchain/10 2021.10/bin/../lib/gcc/arm-none-eabi/10.3.1/../../../../arm-none-eabi/lib/thumb/v7e-m+dp/hard/crt0.o
software_init_hook                                c:/program files (x86)/gnu arm embedded toolchain/10 2021.10/bin/../lib/gcc/arm-none-eabi/10.3.1/../../../../arm-none-eabi/lib/thumb/v7e-m+dp/hard/crt0.o
